Archive member included to satisfy reference by file (symbol)

C:/Program Files/SEGGER/SEGGER Embedded Studio for ARM 4.52/lib/libc_v7em_fpv4_sp_d16_hard_t_le_eabi.a(libc2.o)
                              Output/saadc_pca10040 Release/Obj/nrf_log_str_formatter.o (isprint)
C:/Program Files/SEGGER/SEGGER Embedded Studio for ARM 4.52/lib/libc_v7em_fpv4_sp_d16_hard_t_le_eabi.a(libc2_asm.o)
                              Output/saadc_pca10040 Release/Obj/nrf_log_frontend.o (memcpy)
C:/Program Files/SEGGER/SEGGER Embedded Studio for ARM 4.52/lib/libc_v7em_fpv4_sp_d16_hard_t_le_eabi.a(libc.o)
                              C:/Program Files/SEGGER/SEGGER Embedded Studio for ARM 4.52/lib/libc_v7em_fpv4_sp_d16_hard_t_le_eabi.a(libc2.o) (__heap_lock)
C:/Program Files/SEGGER/SEGGER Embedded Studio for ARM 4.52/lib/libc_v7em_fpv4_sp_d16_hard_t_le_eabi.a(libc_asm.o)
                              C:/Program Files/SEGGER/SEGGER Embedded Studio for ARM 4.52/lib/libc_v7em_fpv4_sp_d16_hard_t_le_eabi.a(libc2.o) (__aeabi_uldivmod)
C:/Program Files/SEGGER/SEGGER Embedded Studio for ARM 4.52/lib/libdebugio_v7em_fpv4_sp_d16_hard_t_le_eabi.a(libdebugio.o)
                              Output/saadc_pca10040 Release/Obj/thumb_crt0.o (debug_fopen)
C:/Program Files/SEGGER/SEGGER Embedded Studio for ARM 4.52/lib/libdebugio_mempoll_v7em_fpv4_sp_d16_hard_t_le_eabi.a(mempoll_debug_operations.o)
                              C:/Program Files/SEGGER/SEGGER Embedded Studio for ARM 4.52/lib/libdebugio_v7em_fpv4_sp_d16_hard_t_le_eabi.a(libdebugio.o) (__do_debug_operation)
C:/Program Files/SEGGER/SEGGER Embedded Studio for ARM 4.52/lib/libdebugio_mempoll_v7em_fpv4_sp_d16_hard_t_le_eabi.a(do_nv_debug_operation.o)
                              C:/Program Files/SEGGER/SEGGER Embedded Studio for ARM 4.52/lib/libdebugio_v7em_fpv4_sp_d16_hard_t_le_eabi.a(libdebugio.o) (__do_nvdebug_operation)
C:/Program Files/SEGGER/SEGGER Embedded Studio for ARM 4.52/lib/libm_v7em_fpv4_sp_d16_hard_t_le_eabi.a(libm_asm.o)
                              C:/Program Files/SEGGER/SEGGER Embedded Studio for ARM 4.52/lib/libc_v7em_fpv4_sp_d16_hard_t_le_eabi.a(libc2.o) (__aeabi_dadd)
C:/Program Files/SEGGER/SEGGER Embedded Studio for ARM 4.52/lib/libm_v7em_fpv4_sp_d16_hard_t_le_eabi.a(libm2.o)
                              C:/Program Files/SEGGER/SEGGER Embedded Studio for ARM 4.52/lib/libvfprintf_v7em_fpv4_sp_d16_hard_t_le_eabi.o (frexp)

Discarded input sections

 .text          0x0000000000000000        0x0 Output/saadc_pca10040 Release/Obj/thumb_crt0.o
 .data          0x0000000000000000        0x0 Output/saadc_pca10040 Release/Obj/thumb_crt0.o
 .bss           0x0000000000000000        0x0 Output/saadc_pca10040 Release/Obj/thumb_crt0.o
 .text.__aeabi_read_tp
                0x0000000000000000        0x8 Output/saadc_pca10040 Release/Obj/thumb_crt0.o
 .text.abort    0x0000000000000000        0x2 Output/saadc_pca10040 Release/Obj/thumb_crt0.o
 .text.__assert
                0x0000000000000000        0x2 Output/saadc_pca10040 Release/Obj/thumb_crt0.o
 .text.__aeabi_assert
                0x0000000000000000        0x2 Output/saadc_pca10040 Release/Obj/thumb_crt0.o
 .text.__sync_synchronize
                0x0000000000000000        0x2 Output/saadc_pca10040 Release/Obj/thumb_crt0.o
 .text.__getchar
                0x0000000000000000        0x4 Output/saadc_pca10040 Release/Obj/thumb_crt0.o
 .text.__putchar
                0x0000000000000000        0x4 Output/saadc_pca10040 Release/Obj/thumb_crt0.o
 .text.__open   0x0000000000000000        0x4 Output/saadc_pca10040 Release/Obj/thumb_crt0.o
 .text.__close  0x0000000000000000        0x4 Output/saadc_pca10040 Release/Obj/thumb_crt0.o
 .text.__write  0x0000000000000000        0xa Output/saadc_pca10040 Release/Obj/thumb_crt0.o
 .text.__read   0x0000000000000000        0xa Output/saadc_pca10040 Release/Obj/thumb_crt0.o
 .text.__seek   0x0000000000000000       0x1a Output/saadc_pca10040 Release/Obj/thumb_crt0.o
 .bss.__user_locale_name_buffer
                0x0000000000000000        0x4 Output/saadc_pca10040 Release/Obj/thumb_crt0.o
 .stack         0x0000000000000000        0x0 Output/saadc_pca10040 Release/Obj/thumb_crt0.o
 .stack_process
                0x0000000000000000        0x0 Output/saadc_pca10040 Release/Obj/thumb_crt0.o
 .heap          0x0000000000000000        0x0 Output/saadc_pca10040 Release/Obj/thumb_crt0.o
 .group         0x0000000000000000        0xc Output/saadc_pca10040 Release/Obj/nrf_log_backend_rtt.o
 .group         0x0000000000000000        0xc Output/saadc_pca10040 Release/Obj/nrf_log_backend_rtt.o
 .group         0x0000000000000000        0xc Output/saadc_pca10040 Release/Obj/nrf_log_backend_rtt.o
 .group         0x0000000000000000        0xc Output/saadc_pca10040 Release/Obj/nrf_log_backend_rtt.o
 .group         0x0000000000000000        0xc Output/saadc_pca10040 Release/Obj/nrf_log_backend_rtt.o
 .group         0x0000000000000000        0xc Output/saadc_pca10040 Release/Obj/nrf_log_backend_rtt.o
[...]
Memory Configuration

Name             Origin             Length             Attributes
UNPLACED_SECTIONS 0x0000000100000000 0x0000000000000000 xw
RAM              0x0000000020000000 0x0000000000010000 xw
FLASH            0x0000000000000000 0x0000000000080000 xw
*default*        0x0000000000000000 0xffffffffffffffff

Linker script and memory map

                0x0000000000000000                __vfprintf = __vfprintf_long
                0x0000000000000000                __vfscanf = __vfscanf_long
                0x0000000020000000                __RAM_segment_start__ = 0x20000000
                0x0000000020010000                __RAM_segment_end__ = 0x20010000
                0x0000000000010000                __RAM_segment_size__ = 0x10000
                0x0000000000000000                __FLASH_segment_start__ = 0x0
                0x0000000000080000                __FLASH_segment_end__ = 0x80000
                0x0000000000080000                __FLASH_segment_size__ = 0x80000
                0x0000000000002000                __HEAPSIZE__ = 0x2000
                0x0000000000000000                __STACKSIZE_PROCESS__ = 0x0
                0x0000000000002000                __STACKSIZE__ = 0x2000
                0x0000000020000000                __vectors_ram_load_start__ = 0x20000000

.vectors_ram    0x0000000020000000        0x0
                0x0000000020000000                __vectors_ram_start__ = .
                0x0000000020000000                __app_ram_start__ = __vectors_ram_start__
 *(.vectors_ram .vectors_ram.*)
                0x0000000020000000                __vectors_ram_end__ = (__vectors_ram_start__ + SIZEOF (.vectors_ram))
                0x0000000000000000                __vectors_ram_size__ = SIZEOF (.vectors_ram)
                0x0000000020000000                __vectors_ram_load_end__ = __vectors_ram_end__
                0x0000000000000001                . = ASSERT (((__vectors_ram_start__ == __vectors_ram_end__) || ((__vectors_ram_end__ - __RAM_segment_start__) <= __RAM_segment_size__)), error: .vectors_ram is too large to fit in RAM memory segment)
                0x0000000020000000                __nrf_sections_run_load_start__ = ALIGN (__vectors_ram_end__, 0x4)

.nrf_sections_run
                0x0000000020000000        0x0
                0x0000000020000000                __nrf_sections_run_start__ = .
                0x0000000020000000                __start_nrf_sections_run = __nrf_sections_run_start__
 *(.nrf_sections_run .nrf_sections_run.*)
                0x0000000020000000                __nrf_sections_run_end__ = (__nrf_sections_run_start__ + SIZEOF (.nrf_sections_run))
                0x0000000000000000                __nrf_sections_run_size__ = SIZEOF (.nrf_sections_run)
                0x0000000020000000                __nrf_sections_run_load_end__ = __nrf_sections_run_end__
                0x0000000000000001                . = ASSERT (((__nrf_sections_run_start__ == __nrf_sections_run_end__) || ((__nrf_sections_run_end__ - __RAM_segment_start__) <= __RAM_segment_size__)), error: .nrf_sections_run is too large to fit in RAM memory segment)
                0x0000000000000000                __vectors_load_start__ = 0x0

.vectors        0x0000000000000000      0x200
                0x0000000000000000                __vectors_start__ = .
 *(.vectors .vectors.*)
 .vectors       0x0000000000000000      0x200 Output/saadc_pca10040 Release/Obj/ses_startup_nrf52.o
                0x0000000000000000                _vectors
                0x0000000000000200                __vectors_end__ = (__vectors_start__ + SIZEOF (.vectors))
                0x0000000000000200                __vectors_size__ = SIZEOF (.vectors)
                0x0000000000000200                __vectors_load_end__ = __vectors_end__
                0x0000000000000001                . = ASSERT (((__vectors_start__ == __vectors_end__) || ((__vectors_end__ - __FLASH_segment_start__) <= __FLASH_segment_size__)), error: .vectors is too large to fit in FLASH memory segment)
                0x0000000000000200                __init_load_start__ = ALIGN (__vectors_end__, 0x4)

.init           0x0000000000000200      0x1d0
                0x0000000000000200                __init_start__ = .
 *(.init .init.*)
 .init          0x0000000000000200      0x15c Output/saadc_pca10040 Release/Obj/thumb_crt0.o
                0x0000000000000200                _start
                0x00000000000002b4                exit
 .init          0x000000000000035c       0x18 Output/saadc_pca10040 Release/Obj/ses_startup_nrf52.o
                0x000000000000035c                NMI_Handler
                0x000000000000035e                HardFault_Handler
                0x0000000000000360                MemoryManagement_Handler
                0x0000000000000362                BusFault_Handler
                0x0000000000000364                UsageFault_Handler
                0x0000000000000366                SVC_Handler
                0x0000000000000368                DebugMon_Handler
                0x000000000000036a                PendSV_Handler
                0x000000000000036c                SysTick_Handler
                0x000000000000036e                PWM1_IRQHandler
                0x000000000000036e                GPIOTE_IRQHandler
                0x000000000000036e                SWI0_EGU0_IRQHandler
                0x000000000000036e                POWER_CLOCK_IRQHandler
                0x000000000000036e                RADIO_IRQHandler
                0x000000000000036e                PDM_IRQHandler
                0x000000000000036e                TEMP_IRQHandler
                0x000000000000036e                RTC0_IRQHandler
                0x000000000000036e                TIMER3_IRQHandler
                0x000000000000036e                FPU_IRQHandler
                0x000000000000036e                SPIM0_SPIS0_TWIM0_TWIS0_SPI0_TWI0_IRQHandler
                0x000000000000036e                SWI2_EGU2_IRQHandler
                0x000000000000036e                TIMER4_IRQHandler
                0x000000000000036e                I2S_IRQHandler
                0x000000000000036e                SWI4_EGU4_IRQHandler
                0x000000000000036e                Dummy_Handler
                0x000000000000036e                TIMER1_IRQHandler
                0x000000000000036e                PWM2_IRQHandler
                0x000000000000036e                ECB_IRQHandler
                0x000000000000036e                SPIM1_SPIS1_TWIM1_TWIS1_SPI1_TWI1_IRQHandler
                0x000000000000036e                CCM_AAR_IRQHandler
                0x000000000000036e                WDT_IRQHandler
                0x000000000000036e                QDEC_IRQHandler
                0x000000000000036e                SWI5_EGU5_IRQHandler
                0x000000000000036e                RNG_IRQHandler
                0x000000000000036e                RTC2_IRQHandler
                0x000000000000036e                PWM0_IRQHandler
                0x000000000000036e                SWI3_EGU3_IRQHandler
                0x000000000000036e                RTC1_IRQHandler
                0x000000000000036e                SWI1_EGU1_IRQHandler
                0x000000000000036e                SPIM2_SPIS2_SPI2_IRQHandler
                0x000000000000036e                NFCT_IRQHandler
                0x000000000000036e                TIMER2_IRQHandler
                0x000000000000036e                MWU_IRQHandler
                0x000000000000036e                COMP_LPCOMP_IRQHandler
                0x0000000000000370                nRFInitialize
 .init          0x0000000000000374       0x5c Output/saadc_pca10040 Release/Obj/ses_startup_nrf_common.o
                0x0000000000000374                Reset_Handler
                0x0000000000000378                afterInitialize
                0x000000000000039c                InitializeUserMemorySections
                0x00000000000003d0                __init_end__ = (__init_start__ + SIZEOF (.init))
                0x00000000000001d0                __init_size__ = SIZEOF (.init)
                0x00000000000003d0                __init_load_end__ = __init_end__
                0x0000000000000001                . = ASSERT (((__init_start__ == __init_end__) || ((__init_end__ - __FLASH_segment_start__) <= __FLASH_segment_size__)), error: .init is too large to fit in FLASH memory segment)
                0x00000000000003d0                __init_rodata_load_start__ = ALIGN (__init_end__, 0x4)

.init_rodata    0x00000000000003d0        0x0
                0x00000000000003d0                __init_rodata_start__ = .
 *(.init_rodata .init_rodata.*)
                0x00000000000003d0                __init_rodata_end__ = (__init_rodata_start__ + SIZEOF (.init_rodata))
                0x0000000000000000                __init_rodata_size__ = SIZEOF (.init_rodata)
                0x00000000000003d0                __init_rodata_load_end__ = __init_rodata_end__
                0x0000000000000001                . = ASSERT (((__init_rodata_start__ == __init_rodata_end__) || ((__init_rodata_end__ - __FLASH_segment_start__) <= __FLASH_segment_size__)), error: .init_rodata is too large to fit in FLASH memory segment)
                0x00000000000003d0                __text_load_start__ = ALIGN (__init_rodata_end__, 0x4)

.text           0x00000000000003d0     0x26e4
                0x00000000000003d0                __text_start__ = .
 *(.text .text.* .glue_7t .glue_7 .gnu.linkonce.t.* .gcc_except_table .ARM.extab* .gnu.linkonce.armextab.*)
 .glue_7        0x00000000000003d0        0x0 linker stubs
 .glue_7t       0x00000000000003d0        0x0 linker stubs
 .text.nrf_log_backend_serial_put
                0x00000000000003d0       0xc2 Output/saadc_pca10040 Release/Obj/nrf_log_backend_serial.o
                0x00000000000003d0                nrf_log_backend_serial_put
 *fill*         0x0000000000000492        0x2 
 .text.uart_evt_handler
                0x0000000000000494        0xc Output/saadc_pca10040 Release/Obj/nrf_log_backend_uart.o
 .text.nrf_log_backend_uart_flush
                0x00000000000004a0        0x2 Output/saadc_pca10040 Release/Obj/nrf_log_backend_uart.o
 *fill*         0x00000000000004a2        0x2 
 .text.uart_init
                0x00000000000004a4       0x5c Output/saadc_pca10040 Release/Obj/nrf_log_backend_uart.o
 .text.nrf_log_backend_uart_put
                0x0000000000000500       0x1c Output/saadc_pca10040 Release/Obj/nrf_log_backend_uart.o
 .text.serial_tx
                0x000000000000051c       0x48 Output/saadc_pca10040 Release/Obj/nrf_log_backend_uart.o
 .text.nrf_log_backend_uart_panic_set
                0x0000000000000564       0x2c Output/saadc_pca10040 Release/Obj/nrf_log_backend_uart.o
 .text.nrf_log_backend_uart_init
                0x0000000000000590        0x6 Output/saadc_pca10040 Release/Obj/nrf_log_backend_uart.o
                0x0000000000000590                nrf_log_backend_uart_init
 *fill*         0x0000000000000596        0x2 
 .text.nrf_log_default_backends_init
                0x0000000000000598       0x20 Output/saadc_pca10040 Release/Obj/nrf_log_default_backends.o
                0x0000000000000598                nrf_log_default_backends_init
 .text.invalid_packets_omit
                0x00000000000005b8       0x3a Output/saadc_pca10040 Release/Obj/nrf_log_frontend.o
 *fill*         0x00000000000005f2        0x2 
 .text.buf_prealloc
                0x00000000000005f4      0x118 Output/saadc_pca10040 Release/Obj/nrf_log_frontend.o
 .text.nrf_log_init
                0x000000000000070c       0x28 Output/saadc_pca10040 Release/Obj/nrf_log_frontend.o
                0x000000000000070c                nrf_log_init
 .text.nrf_log_module_name_get
                0x0000000000000734       0x38 Output/saadc_pca10040 Release/Obj/nrf_log_frontend.o
                0x0000000000000734                nrf_log_module_name_get
 .text.nrf_log_color_id_get
                0x000000000000076c       0x2c Output/saadc_pca10040 Release/Obj/nrf_log_frontend.o
                0x000000000000076c                nrf_log_color_id_get
 .text.buffer_is_empty
                0x0000000000000798       0x14 Output/saadc_pca10040 Release/Obj/nrf_log_frontend.o
                0x0000000000000798                buffer_is_empty
 .text.nrf_log_frontend_dequeue
                0x00000000000007ac      0x1f0 Output/saadc_pca10040 Release/Obj/nrf_log_frontend.o
                0x00000000000007ac                nrf_log_frontend_dequeue
 .text.std_n    0x000000000000099c       0x8c Output/saadc_pca10040 Release/Obj/nrf_log_frontend.o
 .text.nrf_log_frontend_std_0
                0x0000000000000a28        0x8 Output/saadc_pca10040 Release/Obj/nrf_log_frontend.o
                0x0000000000000a28                nrf_log_frontend_std_0
 .text.nrf_log_frontend_std_1
                0x0000000000000a30       0x12 Output/saadc_pca10040 Release/Obj/nrf_log_frontend.o
                0x0000000000000a30                nrf_log_frontend_std_1
 *fill*         0x0000000000000a42        0x2 
 .text.nrf_log_backend_add
                0x0000000000000a44       0x44 Output/saadc_pca10040 Release/Obj/nrf_log_frontend.o
                0x0000000000000a44                nrf_log_backend_add
 .text.nrf_log_panic
                0x0000000000000a88       0x28 Output/saadc_pca10040 Release/Obj/nrf_log_frontend.o
                0x0000000000000a88                nrf_log_panic
 .text.postfix_process
                0x0000000000000ab0       0x44 Output/saadc_pca10040 Release/Obj/nrf_log_str_formatter.o
 .text.prefix_process
                0x0000000000000af4       0x7c Output/saadc_pca10040 Release/Obj/nrf_log_str_formatter.o
 .text.nrf_log_std_entry_process
                0x0000000000000b70       0xc8 Output/saadc_pca10040 Release/Obj/nrf_log_str_formatter.o
                0x0000000000000b70                nrf_log_std_entry_process
 .text.nrf_log_hexdump_entry_process
                0x0000000000000c38       0xb8 Output/saadc_pca10040 Release/Obj/nrf_log_str_formatter.o
                0x0000000000000c38                nrf_log_hexdump_entry_process
 .text.app_error_handler_bare
                0x0000000000000cf0       0x1a Output/saadc_pca10040 Release/Obj/app_error.o
                0x0000000000000cf0                app_error_handler_bare
 *fill*         0x0000000000000d0a        0x2 
 .text.app_error_fault_handler
                0x0000000000000d0c       0x70 Output/saadc_pca10040 Release/Obj/app_error_weak.o
                0x0000000000000d0c                app_error_fault_handler
 .text.app_util_disable_irq
                0x0000000000000d7c       0x10 Output/saadc_pca10040 Release/Obj/app_util_platform.o
                0x0000000000000d7c                app_util_disable_irq
 .text.app_util_enable_irq
                0x0000000000000d8c       0x14 Output/saadc_pca10040 Release/Obj/app_util_platform.o
                0x0000000000000d8c                app_util_enable_irq
 .text.app_util_critical_region_enter
                0x0000000000000da0        0x4 Output/saadc_pca10040 Release/Obj/app_util_platform.o
                0x0000000000000da0                app_util_critical_region_enter
 .text.app_util_critical_region_exit
                0x0000000000000da4        0x4 Output/saadc_pca10040 Release/Obj/app_util_platform.o
                0x0000000000000da4                app_util_critical_region_exit
 .text.nrf_atomic_u32_fetch_store
                0x0000000000000da8       0x16 Output/saadc_pca10040 Release/Obj/nrf_atomic.o
                0x0000000000000da8                nrf_atomic_u32_fetch_store
 .text.nrf_atomic_u32_or
                0x0000000000000dbe       0x18 Output/saadc_pca10040 Release/Obj/nrf_atomic.o
                0x0000000000000dbe                nrf_atomic_u32_or
 .text.nrf_atomic_u32_fetch_and
                0x0000000000000dd6       0x18 Output/saadc_pca10040 Release/Obj/nrf_atomic.o
                0x0000000000000dd6                nrf_atomic_u32_fetch_and
 .text.nrf_atomic_u32_add
                0x0000000000000dee       0x18 Output/saadc_pca10040 Release/Obj/nrf_atomic.o
                0x0000000000000dee                nrf_atomic_u32_add
 .text.nrf_atomic_u32_sub
                0x0000000000000e06       0x18 Output/saadc_pca10040 Release/Obj/nrf_atomic.o
                0x0000000000000e06                nrf_atomic_u32_sub
 .text.nrf_atomic_flag_set
                0x0000000000000e1e        0x6 Output/saadc_pca10040 Release/Obj/nrf_atomic.o
                0x0000000000000e1e                nrf_atomic_flag_set
 .text.nrf_atomic_flag_clear_fetch
                0x0000000000000e24        0x6 Output/saadc_pca10040 Release/Obj/nrf_atomic.o
                0x0000000000000e24                nrf_atomic_flag_clear_fetch
 .text.nrf_balloc_init
                0x0000000000000e2a       0x2e Output/saadc_pca10040 Release/Obj/nrf_balloc.o
                0x0000000000000e2a                nrf_balloc_init
 .text.nrf_balloc_alloc
                0x0000000000000e58       0x40 Output/saadc_pca10040 Release/Obj/nrf_balloc.o
                0x0000000000000e58                nrf_balloc_alloc
 .text.nrf_balloc_free
                0x0000000000000e98       0x2a Output/saadc_pca10040 Release/Obj/nrf_balloc.o
                0x0000000000000e98                nrf_balloc_free
 .text.nrf_fprintf_buffer_flush
                0x0000000000000ec2       0x16 Output/saadc_pca10040 Release/Obj/nrf_fprintf.o
                0x0000000000000ec2                nrf_fprintf_buffer_flush
 .text.nrf_fprintf
                0x0000000000000ed8       0x1c Output/saadc_pca10040 Release/Obj/nrf_fprintf.o
                0x0000000000000ed8                nrf_fprintf
 .text.buffer_add
                0x0000000000000ef4       0x2e Output/saadc_pca10040 Release/Obj/nrf_fprintf_format.o
 *fill*         0x0000000000000f22        0x2 
 .text.unsigned_print
                0x0000000000000f24       0xb4 Output/saadc_pca10040 Release/Obj/nrf_fprintf_format.o
 .text.nrf_fprintf_fmt
                0x0000000000000fd8      0x29c Output/saadc_pca10040 Release/Obj/nrf_fprintf_format.o
                0x0000000000000fd8                nrf_fprintf_fmt
 .text.memobj_op
                0x0000000000001274       0x86 Output/saadc_pca10040 Release/Obj/nrf_memobj.o
 .text.nrf_memobj_pool_init
                0x00000000000012fa        0x4 Output/saadc_pca10040 Release/Obj/nrf_memobj.o
                0x00000000000012fa                nrf_memobj_pool_init
 .text.nrf_memobj_free
                0x00000000000012fe       0x2c Output/saadc_pca10040 Release/Obj/nrf_memobj.o
                0x00000000000012fe                nrf_memobj_free
 .text.nrf_memobj_alloc
                0x000000000000132a       0x5e Output/saadc_pca10040 Release/Obj/nrf_memobj.o
                0x000000000000132a                nrf_memobj_alloc
 .text.nrf_memobj_get
                0x0000000000001388        0x8 Output/saadc_pca10040 Release/Obj/nrf_memobj.o
                0x0000000000001388                nrf_memobj_get
 .text.nrf_memobj_put
                0x0000000000001390       0x1e Output/saadc_pca10040 Release/Obj/nrf_memobj.o
                0x0000000000001390                nrf_memobj_put
 .text.nrf_memobj_write
                0x00000000000013ae       0x14 Output/saadc_pca10040 Release/Obj/nrf_memobj.o
                0x00000000000013ae                nrf_memobj_write
 .text.nrf_memobj_read
                0x00000000000013c2       0x14 Output/saadc_pca10040 Release/Obj/nrf_memobj.o
                0x00000000000013c2                nrf_memobj_read
 *fill*         0x00000000000013d6        0x2 
 .text.nrf_pwr_mgmt_init
                0x00000000000013d8       0x2c Output/saadc_pca10040 Release/Obj/nrf_pwr_mgmt.o
                0x00000000000013d8                nrf_pwr_mgmt_init
 .text.nrf_pwr_mgmt_run
                0x0000000000001404       0x34 Output/saadc_pca10040 Release/Obj/nrf_pwr_mgmt.o
                0x0000000000001404                nrf_pwr_mgmt_run
 .text.nrf_ringbuf_init
                0x0000000000001438       0x12 Output/saadc_pca10040 Release/Obj/nrf_ringbuf.o
                0x0000000000001438                nrf_ringbuf_init
 .text.nrf_section_iter_init
                0x000000000000144a       0x14 Output/saadc_pca10040 Release/Obj/nrf_section_iter.o
                0x000000000000144a                nrf_section_iter_init
 *fill*         0x000000000000145e        0x2 
 .text.nrf_drv_ppi_init
                0x0000000000001460       0x14 Output/saadc_pca10040 Release/Obj/nrf_drv_ppi.o
                0x0000000000001460                nrf_drv_ppi_init
 .text.uarte_evt_handler
                0x0000000000001474       0x34 Output/saadc_pca10040 Release/Obj/nrf_drv_uart.o
 .text.uart_evt_handler
                0x00000000000014a8       0x34 Output/saadc_pca10040 Release/Obj/nrf_drv_uart.o
 .text.nrf_drv_uart_init
                0x00000000000014dc       0x7c Output/saadc_pca10040 Release/Obj/nrf_drv_uart.o
                0x00000000000014dc                nrf_drv_uart_init
 .text.nrfx_ppi_channel_alloc
                0x0000000000001558       0x5c Output/saadc_pca10040 Release/Obj/nrfx_ppi.o
                0x0000000000001558                nrfx_ppi_channel_alloc
 .text.nrfx_ppi_channel_assign
                0x00000000000015b4       0x40 Output/saadc_pca10040 Release/Obj/nrfx_ppi.o
                0x00000000000015b4                nrfx_ppi_channel_assign
 .text.nrfx_ppi_channel_enable
                0x00000000000015f4       0x2c Output/saadc_pca10040 Release/Obj/nrfx_ppi.o
                0x00000000000015f4                nrfx_ppi_channel_enable
 .text.UARTE0_UART0_IRQHandler
                0x0000000000001620        0xc Output/saadc_pca10040 Release/Obj/nrfx_prs.o
                0x0000000000001620                UARTE0_UART0_IRQHandler
 .text.nrfx_prs_acquire
                0x000000000000162c       0x38 Output/saadc_pca10040 Release/Obj/nrfx_prs.o
                0x000000000000162c                nrfx_prs_acquire
 .text.nrfx_prs_release
                0x0000000000001664       0x18 Output/saadc_pca10040 Release/Obj/nrfx_prs.o
                0x0000000000001664                nrfx_prs_release
 .text.nrf_saadc_event_clear
                0x000000000000167c       0x18 Output/saadc_pca10040 Release/Obj/nrfx_saadc.o
 .text.SAADC_IRQHandler
                0x0000000000001694      0x160 Output/saadc_pca10040 Release/Obj/nrfx_saadc.o
                0x0000000000001694                SAADC_IRQHandler
 .text.nrfx_saadc_init
                0x00000000000017f4       0x90 Output/saadc_pca10040 Release/Obj/nrfx_saadc.o
                0x00000000000017f4                nrfx_saadc_init
 .text.nrfx_saadc_channel_init
                0x0000000000001884       0xb4 Output/saadc_pca10040 Release/Obj/nrfx_saadc.o
                0x0000000000001884                nrfx_saadc_channel_init
 .text.nrfx_saadc_sample_task_get
                0x0000000000001938       0x1c Output/saadc_pca10040 Release/Obj/nrfx_saadc.o
                0x0000000000001938                nrfx_saadc_sample_task_get
 .text.nrfx_saadc_buffer_convert
                0x0000000000001954       0xa8 Output/saadc_pca10040 Release/Obj/nrfx_saadc.o
                0x0000000000001954                nrfx_saadc_buffer_convert
 .text.nrfx_timer_init
                0x00000000000019fc       0xd0 Output/saadc_pca10040 Release/Obj/nrfx_timer.o
                0x00000000000019fc                nrfx_timer_init
 .text.nrfx_timer_enable
                0x0000000000001acc       0x1c Output/saadc_pca10040 Release/Obj/nrfx_timer.o
                0x0000000000001acc                nrfx_timer_enable
 .text.nrfx_timer_compare
                0x0000000000001ae8       0x32 Output/saadc_pca10040 Release/Obj/nrfx_timer.o
                0x0000000000001ae8                nrfx_timer_compare
 .text.nrfx_timer_extended_compare
                0x0000000000001b1a       0x2a Output/saadc_pca10040 Release/Obj/nrfx_timer.o
                0x0000000000001b1a                nrfx_timer_extended_compare
 .text.TIMER0_IRQHandler
                0x0000000000001b44       0x54 Output/saadc_pca10040 Release/Obj/nrfx_timer.o
                0x0000000000001b44                TIMER0_IRQHandler
 .text.nrf_uart_event_clear
                0x0000000000001b98       0x10 Output/saadc_pca10040 Release/Obj/nrfx_uart.o
 .text.tx_byte  0x0000000000001ba8       0x1e Output/saadc_pca10040 Release/Obj/nrfx_uart.o
 .text.rx_byte  0x0000000000001bc6       0x2c Output/saadc_pca10040 Release/Obj/nrfx_uart.o
 *fill*         0x0000000000001bf2        0x2 
 .text.rx_done_event.constprop.0
                0x0000000000001bf4       0x20 Output/saadc_pca10040 Release/Obj/nrfx_uart.o
 .text.nrfx_uart_0_irq_handler
                0x0000000000001c14      0x13c Output/saadc_pca10040 Release/Obj/nrfx_uart.o
                0x0000000000001c14                nrfx_uart_0_irq_handler
 .text.nrfx_uart_init
                0x0000000000001d50      0x16c Output/saadc_pca10040 Release/Obj/nrfx_uart.o
                0x0000000000001d50                nrfx_uart_init
 .text.nrfx_uart_uninit
                0x0000000000001ebc       0xd4 Output/saadc_pca10040 Release/Obj/nrfx_uart.o
                0x0000000000001ebc                nrfx_uart_uninit
 .text.nrfx_uart_tx
                0x0000000000001f90       0x8c Output/saadc_pca10040 Release/Obj/nrfx_uart.o
                0x0000000000001f90                nrfx_uart_tx
 .text.nrf_uarte_event_clear
                0x000000000000201c       0x10 Output/saadc_pca10040 Release/Obj/nrfx_uarte.o
 .text.rx_done_event.constprop.0
                0x000000000000202c       0x20 Output/saadc_pca10040 Release/Obj/nrfx_uarte.o
 .text.nrfx_uarte_0_irq_handler
                0x000000000000204c      0x118 Output/saadc_pca10040 Release/Obj/nrfx_uarte.o
                0x000000000000204c                nrfx_uarte_0_irq_handler
 .text.nrfx_uarte_init
                0x0000000000002164      0x188 Output/saadc_pca10040 Release/Obj/nrfx_uarte.o
                0x0000000000002164                nrfx_uarte_init
 .text.nrfx_uarte_uninit
                0x00000000000022ec      0x120 Output/saadc_pca10040 Release/Obj/nrfx_uarte.o
                0x00000000000022ec                nrfx_uarte_uninit
 .text.nrfx_uarte_tx
                0x000000000000240c       0x90 Output/saadc_pca10040 Release/Obj/nrfx_uarte.o
                0x000000000000240c                nrfx_uarte_tx
 .text.timer_handler
                0x000000000000249c        0x2 Output/saadc_pca10040 Release/Obj/main.o
                0x000000000000249c                timer_handler
 *fill*         0x000000000000249e        0x2 
 .text.saadc_callback
                0x00000000000024a0       0x68 Output/saadc_pca10040 Release/Obj/main.o
                0x00000000000024a0                saadc_callback
 .text.saadc_sampling_event_init
                0x0000000000002508       0x88 Output/saadc_pca10040 Release/Obj/main.o
                0x0000000000002508                saadc_sampling_event_init
 .text.saadc_sampling_event_enable
                0x0000000000002590       0x1c Output/saadc_pca10040 Release/Obj/main.o
                0x0000000000002590                saadc_sampling_event_enable
 .text.saadc_init
                0x00000000000025ac       0x64 Output/saadc_pca10040 Release/Obj/main.o
                0x00000000000025ac                saadc_init
 .text.startup.main
                0x0000000000002610       0x58 Output/saadc_pca10040 Release/Obj/main.o
                0x0000000000002610                main
 .text.nrf52_errata_12
                0x0000000000002668       0x40 Output/saadc_pca10040 Release/Obj/system_nrf52.o
 .text.nrf52_errata_16
                0x00000000000026a8       0x2c Output/saadc_pca10040 Release/Obj/system_nrf52.o
 .text.SystemInit
                0x00000000000026d4      0x274 Output/saadc_pca10040 Release/Obj/system_nrf52.o
                0x00000000000026d4                SystemInit
 .text.libc.__RAL_ascii_isctype
                0x0000000000002948       0x1c C:/Program Files/SEGGER/SEGGER Embedded Studio for ARM 4.52/lib/libc_v7em_fpv4_sp_d16_hard_t_le_eabi.a(libc2.o)
 .text.libc.__RAL_ascii_toupper
                0x0000000000002964        0xc C:/Program Files/SEGGER/SEGGER Embedded Studio for ARM 4.52/lib/libc_v7em_fpv4_sp_d16_hard_t_le_eabi.a(libc2.o)
 .text.libc.__RAL_ascii_tolower
                0x0000000000002970        0xc C:/Program Files/SEGGER/SEGGER Embedded Studio for ARM 4.52/lib/libc_v7em_fpv4_sp_d16_hard_t_le_eabi.a(libc2.o)
 .text.libc.__RAL_ascii_iswctype
                0x000000000000297c       0x1c C:/Program Files/SEGGER/SEGGER Embedded Studio for ARM 4.52/lib/libc_v7em_fpv4_sp_d16_hard_t_le_eabi.a(libc2.o)
 .text.libc.__RAL_ascii_towupper
                0x0000000000002998        0xc C:/Program Files/SEGGER/SEGGER Embedded Studio for ARM 4.52/lib/libc_v7em_fpv4_sp_d16_hard_t_le_eabi.a(libc2.o)
 .text.libc.__RAL_ascii_towlower
                0x00000000000029a4        0xc C:/Program Files/SEGGER/SEGGER Embedded Studio for ARM 4.52/lib/libc_v7em_fpv4_sp_d16_hard_t_le_eabi.a(libc2.o)
 .text.libc.__RAL_ascii_wctomb
                0x00000000000029b0        0xe C:/Program Files/SEGGER/SEGGER Embedded Studio for ARM 4.52/lib/libc_v7em_fpv4_sp_d16_hard_t_le_eabi.a(libc2.o)
                0x00000000000029b0                __RAL_ascii_wctomb
 .text.libc.__RAL_ascii_mbtowc
                0x00000000000029be       0x24 C:/Program Files/SEGGER/SEGGER Embedded Studio for ARM 4.52/lib/libc_v7em_fpv4_sp_d16_hard_t_le_eabi.a(libc2.o)
                0x00000000000029be                __RAL_ascii_mbtowc
 *fill*         0x00000000000029e2        0x2 
 .text.libc.__RAL_isctype
                0x00000000000029e4       0x14 C:/Program Files/SEGGER/SEGGER Embedded Studio for ARM 4.52/lib/libc_v7em_fpv4_sp_d16_hard_t_le_eabi.a(libc2.o)
                0x00000000000029e4                __RAL_isctype
 .text.libc.isprint
                0x00000000000029f8        0xa C:/Program Files/SEGGER/SEGGER Embedded Studio for ARM 4.52/lib/libc_v7em_fpv4_sp_d16_hard_t_le_eabi.a(libc2.o)
                0x00000000000029f8                isprint
 .text.libc.memcpy
                0x0000000000002a02       0x52 C:/Program Files/SEGGER/SEGGER Embedded Studio for ARM 4.52/lib/libc_v7em_fpv4_sp_d16_hard_t_le_eabi.a(libc2_asm.o)
                0x0000000000002a02                __aeabi_memcpy
                0x0000000000002a02                memcpy
                0x0000000000002a0e                __aeabi_memcpy8
                0x0000000000002a0e                __aeabi_memcpy4
 .text.libc.strlen
                0x0000000000002a54       0x60 C:/Program Files/SEGGER/SEGGER Embedded Studio for ARM 4.52/lib/libc_v7em_fpv4_sp_d16_hard_t_le_eabi.a(libc2_asm.o)
                0x0000000000002a54                strlen
                0x0000000000002ab4                __text_end__ = (__text_start__ + SIZEOF (.text))
                0x00000000000026e4                __text_size__ = SIZEOF (.text)
                0x0000000000002ab4                __text_load_end__ = __text_end__

.vfp11_veneer   0x0000000100000000        0x0
 .vfp11_veneer  0x0000000100000000        0x0 linker stubs

.v4_bx          0x0000000100000000        0x0
 .v4_bx         0x0000000100000000        0x0 linker stubs

.iplt           0x0000000100000000        0x0
 .iplt          0x0000000100000000        0x0 Output/saadc_pca10040 Release/Obj/thumb_crt0.o
                0x0000000000000001                . = ASSERT (((__text_start__ == __text_end__) || ((__text_end__ - __FLASH_segment_start__) <= __FLASH_segment_size__)), error: .text is too large to fit in FLASH memory segment)
                0x0000000000002ab4                __pwr_mgmt_data_load_start__ = ALIGN (__text_end__, 0x4)

.pwr_mgmt_data  0x0000000000002ab4        0x0
                0x0000000000002ab4                __pwr_mgmt_data_start__ = .
                0x0000000000002ab4                __start_pwr_mgmt_data = __pwr_mgmt_data_start__
 *(SORT_BY_NAME(.pwr_mgmt_data*))
                0x0000000000002ab4                __pwr_mgmt_data_end__ = (__pwr_mgmt_data_start__ + SIZEOF (.pwr_mgmt_data))
                0x0000000000000000                __pwr_mgmt_data_size__ = SIZEOF (.pwr_mgmt_data)
                0x0000000000002ab4                __stop_pwr_mgmt_data = __pwr_mgmt_data_end__
                0x0000000000002ab4                __pwr_mgmt_data_load_end__ = __pwr_mgmt_data_end__
                0x0000000000000001                . = ASSERT (((__pwr_mgmt_data_start__ == __pwr_mgmt_data_end__) || ((__pwr_mgmt_data_end__ - __FLASH_segment_start__) <= __FLASH_segment_size__)), error: .pwr_mgmt_data is too large to fit in FLASH memory segment)
                0x0000000000002ab4                __log_const_data_load_start__ = ALIGN (__pwr_mgmt_data_end__, 0x4)

.log_const_data
                0x0000000000002ab4       0x40
                0x0000000000002ab4                __log_const_data_start__ = .
                0x0000000000002ab4                __start_log_const_data = __log_const_data_start__
 *(SORT_BY_NAME(.log_const_data*))
 .log_const_data_PPI
                0x0000000000002ab4        0x8 Output/saadc_pca10040 Release/Obj/nrfx_ppi.o
                0x0000000000002ab4                m_nrf_log_PPI_logs_data_const
 .log_const_data_PRS
                0x0000000000002abc        0x8 Output/saadc_pca10040 Release/Obj/nrfx_prs.o
                0x0000000000002abc                m_nrf_log_PRS_logs_data_const
 .log_const_data_SAADC
                0x0000000000002ac4        0x8 Output/saadc_pca10040 Release/Obj/nrfx_saadc.o
                0x0000000000002ac4                m_nrf_log_SAADC_logs_data_const
 .log_const_data_TIMER
                0x0000000000002acc        0x8 Output/saadc_pca10040 Release/Obj/nrfx_timer.o
                0x0000000000002acc                m_nrf_log_TIMER_logs_data_const
 .log_const_data_UART
                0x0000000000002ad4        0x8 Output/saadc_pca10040 Release/Obj/nrfx_uart.o
                0x0000000000002ad4                m_nrf_log_UART_logs_data_const
 .log_const_data_UARTE
                0x0000000000002adc        0x8 Output/saadc_pca10040 Release/Obj/nrfx_uarte.o
                0x0000000000002adc                m_nrf_log_UARTE_logs_data_const
 .log_const_data_app
                0x0000000000002ae4        0x8 Output/saadc_pca10040 Release/Obj/nrf_log_frontend.o
                0x0000000000002ae4                m_nrf_log_app_logs_data_const
 .log_const_data_pwr_mgmt
                0x0000000000002aec        0x8 Output/saadc_pca10040 Release/Obj/nrf_pwr_mgmt.o
                0x0000000000002aec                m_nrf_log_pwr_mgmt_logs_data_const
                0x0000000000002af4                __log_const_data_end__ = (__log_const_data_start__ + SIZEOF (.log_const_data))
                0x0000000000000040                __log_const_data_size__ = SIZEOF (.log_const_data)
                0x0000000000002af4                __stop_log_const_data = __log_const_data_end__
                0x0000000000002af4                __log_const_data_load_end__ = __log_const_data_end__
                0x0000000000000001                . = ASSERT (((__log_const_data_start__ == __log_const_data_end__) || ((__log_const_data_end__ - __FLASH_segment_start__) <= __FLASH_segment_size__)), error: .log_const_data is too large to fit in FLASH memory segment)
                0x0000000000002af4                __log_backends_load_start__ = ALIGN (__log_const_data_end__, 0x4)

.log_backends   0x0000000000002af4       0x10
                0x0000000000002af4                __log_backends_start__ = .
                0x0000000000002af4                __start_log_backends = __log_backends_start__
 *(SORT_BY_NAME(.log_backends*))
 .log_backends  0x0000000000002af4       0x10 Output/saadc_pca10040 Release/Obj/nrf_log_default_backends.o
                0x0000000000002b04                __log_backends_end__ = (__log_backends_start__ + SIZEOF (.log_backends))
                0x0000000000000010                __log_backends_size__ = SIZEOF (.log_backends)
                0x0000000000002b04                __stop_log_backends = __log_backends_end__
                0x0000000000002b04                __log_backends_load_end__ = __log_backends_end__
                0x0000000000000001                . = ASSERT (((__log_backends_start__ == __log_backends_end__) || ((__log_backends_end__ - __FLASH_segment_start__) <= __FLASH_segment_size__)), error: .log_backends is too large to fit in FLASH memory segment)
                0x0000000000002b04                __nrf_balloc_load_start__ = ALIGN (__log_backends_end__, 0x4)

.nrf_balloc     0x0000000000002b04       0x14
                0x0000000000002b04                __nrf_balloc_start__ = .
                0x0000000000002b04                __start_nrf_balloc = __nrf_balloc_start__
 *(.nrf_balloc*)
 .nrf_balloc    0x0000000000002b04       0x14 Output/saadc_pca10040 Release/Obj/nrf_log_frontend.o
                0x0000000000002b04                log_mempool
                0x0000000000002b18                __nrf_balloc_end__ = (__nrf_balloc_start__ + SIZEOF (.nrf_balloc))
                0x0000000000000014                __nrf_balloc_size__ = SIZEOF (.nrf_balloc)
                0x0000000000002b18                __stop_nrf_balloc = __nrf_balloc_end__
                0x0000000000002b18                __nrf_balloc_load_end__ = __nrf_balloc_end__
                0x0000000000000001                . = ASSERT (((__nrf_balloc_start__ == __nrf_balloc_end__) || ((__nrf_balloc_end__ - __FLASH_segment_start__) <= __FLASH_segment_size__)), error: .nrf_balloc is too large to fit in FLASH memory segment)
                0x0000000000002b18                __nrf_sections_load_start__ = ALIGN (__nrf_balloc_end__, 0x4)

.nrf_sections   0x0000000000002b18        0x0
                0x0000000000002b18                __nrf_sections_start__ = .
                0x0000000000002b18                __start_nrf_sections = __nrf_sections_start__
 *(.nrf_sections .nrf_sections.*)
                0x0000000000002b18                __nrf_sections_end__ = (__nrf_sections_start__ + SIZEOF (.nrf_sections))
                0x0000000000000000                __nrf_sections_size__ = SIZEOF (.nrf_sections)
                0x0000000000002b18                __nrf_sections_load_end__ = __nrf_sections_end__
                0x0000000000000001                . = ASSERT (((__nrf_sections_start__ == __nrf_sections_end__) || ((__nrf_sections_end__ - __FLASH_segment_start__) <= __FLASH_segment_size__)), error: .nrf_sections is too large to fit in FLASH memory segment)
                0x0000000000002b18                __log_dynamic_data_load_start__ = ALIGN (__nrf_sections_end__, 0x4)

.log_dynamic_data
                0x0000000020000000        0x0 load address 0x0000000000002b18
                0x0000000020000000                __log_dynamic_data_start__ = .
 *(SORT_BY_NAME(.log_dynamic_data*))
                0x0000000020000000                __log_dynamic_data_end__ = (__log_dynamic_data_start__ + SIZEOF (.log_dynamic_data))
                0x0000000000000000                __log_dynamic_data_size__ = SIZEOF (.log_dynamic_data)
                0x0000000000002b18                __log_dynamic_data_load_end__ = (__log_dynamic_data_load_start__ + SIZEOF (.log_dynamic_data))
                0x0000000000000001                . = ASSERT (((__log_dynamic_data_load_start__ == __log_dynamic_data_load_end__) || ((__log_dynamic_data_load_end__ - __FLASH_segment_start__) <= __FLASH_segment_size__)), error: .log_dynamic_data is too large to fit in FLASH memory segment)

.log_dynamic_data_run
                0x0000000020000000        0x0
                0x0000000020000000                __log_dynamic_data_run_start__ = .
                0x0000000020000000                __start_log_dynamic_data = __log_dynamic_data_run_start__
                0x0000000020000000                . = MAX ((__log_dynamic_data_run_start__ + SIZEOF (.log_dynamic_data)), .)
                0x0000000020000000                __log_dynamic_data_run_end__ = (__log_dynamic_data_run_start__ + SIZEOF (.log_dynamic_data_run))
                0x0000000000000000                __log_dynamic_data_run_size__ = SIZEOF (.log_dynamic_data_run)
                0x0000000020000000                __stop_log_dynamic_data = __log_dynamic_data_run_end__
                0x0000000020000000                __log_dynamic_data_run_load_end__ = __log_dynamic_data_run_end__
                0x0000000000000001                . = ASSERT (((__log_dynamic_data_run_start__ == __log_dynamic_data_run_end__) || ((__log_dynamic_data_run_end__ - __RAM_segment_start__) <= __RAM_segment_size__)), error: .log_dynamic_data_run is too large to fit in RAM memory segment)
                0x0000000000002b18                __log_filter_data_load_start__ = ALIGN ((__log_dynamic_data_load_start__ + SIZEOF (.log_dynamic_data)), 0x4)

.log_filter_data
                0x0000000020000000        0x0 load address 0x0000000000002b18
                0x0000000020000000                __log_filter_data_start__ = .
 *(SORT_BY_NAME(.log_filter_data*))
                0x0000000020000000                __log_filter_data_end__ = (__log_filter_data_start__ + SIZEOF (.log_filter_data))
                0x0000000000000000                __log_filter_data_size__ = SIZEOF (.log_filter_data)
                0x0000000000002b18                __log_filter_data_load_end__ = (__log_filter_data_load_start__ + SIZEOF (.log_filter_data))
                0x0000000000000001                . = ASSERT (((__log_filter_data_load_start__ == __log_filter_data_load_end__) || ((__log_filter_data_load_end__ - __FLASH_segment_start__) <= __FLASH_segment_size__)), error: .log_filter_data is too large to fit in FLASH memory segment)

.log_filter_data_run
                0x0000000020000000        0x0
                0x0000000020000000                __log_filter_data_run_start__ = .
                0x0000000020000000                __start_log_filter_data = __log_filter_data_run_start__
                0x0000000020000000                . = MAX ((__log_filter_data_run_start__ + SIZEOF (.log_filter_data)), .)
                0x0000000020000000                __log_filter_data_run_end__ = (__log_filter_data_run_start__ + SIZEOF (.log_filter_data_run))
                0x0000000000000000                __log_filter_data_run_size__ = SIZEOF (.log_filter_data_run)
                0x0000000020000000                __stop_log_filter_data = __log_filter_data_run_end__
                0x0000000020000000                __log_filter_data_run_load_end__ = __log_filter_data_run_end__
                0x0000000000000001                . = ASSERT (((__log_filter_data_run_start__ == __log_filter_data_run_end__) || ((__log_filter_data_run_end__ - __RAM_segment_start__) <= __RAM_segment_size__)), error: .log_filter_data_run is too large to fit in RAM memory segment)
                0x0000000020000000                __nrf_sections_run_end_load_start__ = ALIGN (__log_filter_data_run_end__, 0x4)

.nrf_sections_run_end
                0x0000000020000000        0x0
                0x0000000020000000                __nrf_sections_run_end_start__ = .
                0x0000000020000000                __end_nrf_sections_run = __nrf_sections_run_end_start__
 *(.nrf_sections_run_end .nrf_sections_run_end.*)
                0x0000000020000000                __nrf_sections_run_end_end__ = (__nrf_sections_run_end_start__ + SIZEOF (.nrf_sections_run_end))
                0x0000000000000000                __nrf_sections_run_end_size__ = SIZEOF (.nrf_sections_run_end)
                0x0000000020000000                __nrf_sections_run_end_load_end__ = __nrf_sections_run_end_end__
                0x0000000000000001                . = ASSERT (((__nrf_sections_run_end_start__ == __nrf_sections_run_end_end__) || ((__nrf_sections_run_end_end__ - __RAM_segment_start__) <= __RAM_segment_size__)), error: .nrf_sections_run_end is too large to fit in RAM memory segment)
                0x0000000000002b18                __dtors_load_start__ = ALIGN ((__log_filter_data_load_start__ + SIZEOF (.log_filter_data)), 0x4)

.dtors          0x0000000000002b18        0x0
                0x0000000000002b18                __dtors_start__ = .
 *(SORT_BY_NAME(.dtors.*))
 *(.dtors)
 *(.fini_array)
 *(SORT_BY_NAME(.fini_array.*))
                0x0000000000002b18                __dtors_end__ = (__dtors_start__ + SIZEOF (.dtors))
                0x0000000000000000                __dtors_size__ = SIZEOF (.dtors)
                0x0000000000002b18                __dtors_load_end__ = __dtors_end__
                0x0000000000000001                . = ASSERT (((__dtors_start__ == __dtors_end__) || ((__dtors_end__ - __FLASH_segment_start__) <= __FLASH_segment_size__)), error: .dtors is too large to fit in FLASH memory segment)
                0x0000000000002b18                __ctors_load_start__ = ALIGN (__dtors_end__, 0x4)

.ctors          0x0000000000002b18        0x0
                0x0000000000002b18                __ctors_start__ = .
 *(SORT_BY_NAME(.ctors.*))
 *(.ctors)
 *(.init_array)
 *(SORT_BY_NAME(.init_array.*))
                0x0000000000002b18                __ctors_end__ = (__ctors_start__ + SIZEOF (.ctors))
                0x0000000000000000                __ctors_size__ = SIZEOF (.ctors)
                0x0000000000002b18                __ctors_load_end__ = __ctors_end__
                0x0000000000000001                . = ASSERT (((__ctors_start__ == __ctors_end__) || ((__ctors_end__ - __FLASH_segment_start__) <= __FLASH_segment_size__)), error: .ctors is too large to fit in FLASH memory segment)
                0x0000000000002b18                __rodata_load_start__ = ALIGN (__ctors_end__, 0x4)

.rodata         0x0000000000002b18      0x41a
                0x0000000000002b18                __rodata_start__ = .
 *(.rodata .rodata.* .gnu.linkonce.r.*)
 .rodata        0x0000000000002b18       0x20 Output/saadc_pca10040 Release/Obj/nrf_log_backend_uart.o
 .rodata.nrf_log_backend_uart_api
                0x0000000000002b38        0xc Output/saadc_pca10040 Release/Obj/nrf_log_backend_uart.o
                0x0000000000002b38                nrf_log_backend_uart_api
 .rodata.str1.1
                0x0000000000002b44       0x11 Output/saadc_pca10040 Release/Obj/nrf_log_default_backends.o
 .rodata.nrf_log_frontend_dequeue.str1.1
                0x0000000000002b55       0x11 Output/saadc_pca10040 Release/Obj/nrf_log_frontend.o
 .rodata.str1.1
                0x0000000000002b66        0x4 Output/saadc_pca10040 Release/Obj/nrf_log_frontend.o
 *fill*         0x0000000000002b6a        0x2 
 .rodata.m_log_push_ringbuf
                0x0000000000002b6c        0xc Output/saadc_pca10040 Release/Obj/nrf_log_frontend.o
 .rodata.postfix_process.str1.1
                0x0000000000002b78        0x8 Output/saadc_pca10040 Release/Obj/nrf_log_str_formatter.o
                                          0xb (size before relaxing)
 .rodata.prefix_process.str1.1
                0x0000000000002b80       0x2a Output/saadc_pca10040 Release/Obj/nrf_log_str_formatter.o
 .rodata.nrf_log_hexdump_entry_process.str1.1
                0x0000000000002baa        0xf Output/saadc_pca10040 Release/Obj/nrf_log_str_formatter.o
                                         0x11 (size before relaxing)
 .rodata.str1.1
                0x0000000000002bb9       0x4b Output/saadc_pca10040 Release/Obj/nrf_log_str_formatter.o
                                         0x51 (size before relaxing)
 .rodata.m_colors
                0x0000000000002c04       0x24 Output/saadc_pca10040 Release/Obj/nrf_log_str_formatter.o
 .rodata.severity_names
                0x0000000000002c28       0x14 Output/saadc_pca10040 Release/Obj/nrf_log_str_formatter.o
 .rodata.app_error_fault_handler.str1.1
                0x0000000000002c3c       0x19 Output/saadc_pca10040 Release/Obj/app_error_weak.o
 .rodata._aV2C.7631
                0x0000000000002c55       0x10 Output/saadc_pca10040 Release/Obj/nrf_fprintf_format.o
 .rodata.str1.1
                0x0000000000002c65        0x9 Output/saadc_pca10040 Release/Obj/nrf_pwr_mgmt.o
 *fill*         0x0000000000002c6e        0x2 
 .rodata.pwr_mgmt_data
                0x0000000000002c70        0xc Output/saadc_pca10040 Release/Obj/nrf_pwr_mgmt.o
 .rodata.str1.1
                0x0000000000002c7c        0x4 Output/saadc_pca10040 Release/Obj/nrfx_ppi.o
 .rodata.str1.1
                0x0000000000002c80        0x4 Output/saadc_pca10040 Release/Obj/nrfx_prs.o
 .rodata.str1.1
                0x0000000000002c84        0x6 Output/saadc_pca10040 Release/Obj/nrfx_saadc.o
 .rodata.str1.1
                0x0000000000002c8a        0x6 Output/saadc_pca10040 Release/Obj/nrfx_timer.o
 .rodata.str1.1
                0x0000000000002c90        0x5 Output/saadc_pca10040 Release/Obj/nrfx_uart.o
 .rodata.str1.1
                0x0000000000002c95        0x6 Output/saadc_pca10040 Release/Obj/nrfx_uarte.o
 .rodata.saadc_callback.str1.1
                0x0000000000002c9b       0x15 Output/saadc_pca10040 Release/Obj/main.o
                                         0x18 (size before relaxing)
 .rodata.main.str1.1
                0x0000000000002cb0       0x22 Output/saadc_pca10040 Release/Obj/main.o
 .rodata        0x0000000000002cd2        0x9 Output/saadc_pca10040 Release/Obj/main.o
 .rodata.default_config.8316
                0x0000000000002cdb        0x4 Output/saadc_pca10040 Release/Obj/main.o
 *fill*         0x0000000000002cdf        0x1 
 .rodata.m_timer
                0x0000000000002ce0        0x8 Output/saadc_pca10040 Release/Obj/main.o
 .rodata.CSWTCH.15
                0x0000000000002ce8        0x4 Output/saadc_pca10040 Release/Obj/system_nrf52.o
 .rodata.CSWTCH.19
                0x0000000000002cec        0x4 Output/saadc_pca10040 Release/Obj/system_nrf52.o
 .rodata.CSWTCH.5
                0x0000000000002cf0        0x4 Output/saadc_pca10040 Release/Obj/system_nrf52.o
 .rodata.libc.__RAL_find_locale.str1.4
                0x0000000000002cf4        0xa C:/Program Files/SEGGER/SEGGER Embedded Studio for ARM 4.52/lib/libc_v7em_fpv4_sp_d16_hard_t_le_eabi.a(libc2.o)
 *fill*         0x0000000000002cfe        0x2 
 .rodata.libc.__RAL_ascii_ctype_map
                0x0000000000002d00       0x80 C:/Program Files/SEGGER/SEGGER Embedded Studio for ARM 4.52/lib/libc_v7em_fpv4_sp_d16_hard_t_le_eabi.a(libc2.o)
                0x0000000000002d00                __RAL_ascii_ctype_map
 .rodata.libc.__RAL_ascii_ctype_mask
                0x0000000000002d80        0xd C:/Program Files/SEGGER/SEGGER Embedded Studio for ARM 4.52/lib/libc_v7em_fpv4_sp_d16_hard_t_le_eabi.a(libc2.o)
 *fill*         0x0000000000002d8d        0x3 
 .rodata.libc.__RAL_c_locale
                0x0000000000002d90        0xc C:/Program Files/SEGGER/SEGGER Embedded Studio for ARM 4.52/lib/libc_v7em_fpv4_sp_d16_hard_t_le_eabi.a(libc2.o)
                0x0000000000002d90                __RAL_c_locale
 .rodata.libc.__RAL_c_locale_abbrev_day_names
                0x0000000000002d9c       0x1d C:/Program Files/SEGGER/SEGGER Embedded Studio for ARM 4.52/lib/libc_v7em_fpv4_sp_d16_hard_t_le_eabi.a(libc2.o)
                0x0000000000002d9c                __RAL_c_locale_abbrev_day_names
 *fill*         0x0000000000002db9        0x3 
 .rodata.libc.__RAL_c_locale_abbrev_month_names
                0x0000000000002dbc       0x31 C:/Program Files/SEGGER/SEGGER Embedded Studio for ARM 4.52/lib/libc_v7em_fpv4_sp_d16_hard_t_le_eabi.a(libc2.o)
                0x0000000000002dbc                __RAL_c_locale_abbrev_month_names
 *fill*         0x0000000000002ded        0x3 
 .rodata.libc.__RAL_c_locale_am_pm_indicator
                0x0000000000002df0        0x7 C:/Program Files/SEGGER/SEGGER Embedded Studio for ARM 4.52/lib/libc_v7em_fpv4_sp_d16_hard_t_le_eabi.a(libc2.o)
                0x0000000000002df0                __RAL_c_locale_am_pm_indicator
 *fill*         0x0000000000002df7        0x1 
 .rodata.libc.__RAL_c_locale_data
                0x0000000000002df8       0x58 C:/Program Files/SEGGER/SEGGER Embedded Studio for ARM 4.52/lib/libc_v7em_fpv4_sp_d16_hard_t_le_eabi.a(libc2.o)
                0x0000000000002df8                __RAL_c_locale_data
 .rodata.libc.__RAL_c_locale_date_format
                0x0000000000002e50        0x9 C:/Program Files/SEGGER/SEGGER Embedded Studio for ARM 4.52/lib/libc_v7em_fpv4_sp_d16_hard_t_le_eabi.a(libc2.o)
                0x0000000000002e50                __RAL_c_locale_date_format
 *fill*         0x0000000000002e59        0x3 
 .rodata.libc.__RAL_c_locale_date_time_format
                0x0000000000002e5c        0xf C:/Program Files/SEGGER/SEGGER Embedded Studio for ARM 4.52/lib/libc_v7em_fpv4_sp_d16_hard_t_le_eabi.a(libc2.o)
                0x0000000000002e5c                __RAL_c_locale_date_time_format
 *fill*         0x0000000000002e6b        0x1 
 .rodata.libc.__RAL_c_locale_day_names
                0x0000000000002e6c       0x3a C:/Program Files/SEGGER/SEGGER Embedded Studio for ARM 4.52/lib/libc_v7em_fpv4_sp_d16_hard_t_le_eabi.a(libc2.o)
                0x0000000000002e6c                __RAL_c_locale_day_names
 *fill*         0x0000000000002ea6        0x2 
 .rodata.libc.__RAL_c_locale_month_names
                0x0000000000002ea8       0x57 C:/Program Files/SEGGER/SEGGER Embedded Studio for ARM 4.52/lib/libc_v7em_fpv4_sp_d16_hard_t_le_eabi.a(libc2.o)
                0x0000000000002ea8                __RAL_c_locale_month_names
 *fill*         0x0000000000002eff        0x1 
 .rodata.libc.__RAL_c_locale_time_format
                0x0000000000002f00        0x9 C:/Program Files/SEGGER/SEGGER Embedded Studio for ARM 4.52/lib/libc_v7em_fpv4_sp_d16_hard_t_le_eabi.a(libc2.o)
                0x0000000000002f00                __RAL_c_locale_time_format
 *fill*         0x0000000000002f09        0x3 
 .rodata.libc.__RAL_codeset_ascii
                0x0000000000002f0c       0x20 C:/Program Files/SEGGER/SEGGER Embedded Studio for ARM 4.52/lib/libc_v7em_fpv4_sp_d16_hard_t_le_eabi.a(libc2.o)
                0x0000000000002f0c                __RAL_codeset_ascii
 .rodata.libc.__RAL_data_empty_string
                0x0000000000002f2c        0x1 C:/Program Files/SEGGER/SEGGER Embedded Studio for ARM 4.52/lib/libc_v7em_fpv4_sp_d16_hard_t_le_eabi.a(libc2.o)
                0x0000000000002f2c                __RAL_data_empty_string
 *fill*         0x0000000000002f2d        0x3 
 .rodata.libc.__RAL_data_utf8_period
                0x0000000000002f30        0x2 C:/Program Files/SEGGER/SEGGER Embedded Studio for ARM 4.52/lib/libc_v7em_fpv4_sp_d16_hard_t_le_eabi.a(libc2.o)
                0x0000000000002f30                __RAL_data_utf8_period
                0x0000000000002f32                __rodata_end__ = (__rodata_start__ + SIZEOF (.rodata))
                0x000000000000041a                __rodata_size__ = SIZEOF (.rodata)
                0x0000000000002f32                __rodata_load_end__ = __rodata_end__

.rel.dyn        0x0000000000002f34        0x0
 .rel.iplt      0x0000000000002f34        0x0 Output/saadc_pca10040 Release/Obj/thumb_crt0.o
                0x0000000000000001                . = ASSERT (((__rodata_start__ == __rodata_end__) || ((__rodata_end__ - __FLASH_segment_start__) <= __FLASH_segment_size__)), error: .rodata is too large to fit in FLASH memory segment)
                0x0000000000002f34                __ARM.exidx_load_start__ = ALIGN (__rodata_end__, 0x4)

.ARM.exidx      0x0000000000002f34        0x0
                0x0000000000002f34                __ARM.exidx_start__ = .
                0x0000000000002f34                __exidx_start = __ARM.exidx_start__
 *(.ARM.exidx .ARM.exidx.*)
                0x0000000000002f34                __ARM.exidx_end__ = (__ARM.exidx_start__ + SIZEOF (.ARM.exidx))
                0x0000000000000000                __ARM.exidx_size__ = SIZEOF (.ARM.exidx)
                0x0000000000002f34                __exidx_end = __ARM.exidx_end__
                0x0000000000002f34                __ARM.exidx_load_end__ = __ARM.exidx_end__
                0x0000000000000001                . = ASSERT (((__ARM.exidx_start__ == __ARM.exidx_end__) || ((__ARM.exidx_end__ - __FLASH_segment_start__) <= __FLASH_segment_size__)), error: .ARM.exidx is too large to fit in FLASH memory segment)
                0x0000000000002f34                __fast_load_start__ = ALIGN (__ARM.exidx_end__, 0x4)

.fast           0x0000000020000000        0x0 load address 0x0000000000002f34
                0x0000000020000000                __fast_start__ = .
 *(.fast .fast.*)
                0x0000000020000000                __fast_end__ = (__fast_start__ + SIZEOF (.fast))
                0x0000000000000000                __fast_size__ = SIZEOF (.fast)
                0x0000000000002f34                __fast_load_end__ = (__fast_load_start__ + SIZEOF (.fast))
                0x0000000000000001                . = ASSERT (((__fast_load_start__ == __fast_load_end__) || ((__fast_load_end__ - __FLASH_segment_start__) <= __FLASH_segment_size__)), error: .fast is too large to fit in FLASH memory segment)

.fast_run       0x0000000020000000        0x0
                0x0000000020000000                __fast_run_start__ = .
                0x0000000020000000                . = MAX ((__fast_run_start__ + SIZEOF (.fast)), .)
                0x0000000020000000                __fast_run_end__ = (__fast_run_start__ + SIZEOF (.fast_run))
                0x0000000000000000                __fast_run_size__ = SIZEOF (.fast_run)
                0x0000000020000000                __fast_run_load_end__ = __fast_run_end__
                0x0000000000000001                . = ASSERT (((__fast_run_start__ == __fast_run_end__) || ((__fast_run_end__ - __RAM_segment_start__) <= __RAM_segment_size__)), error: .fast_run is too large to fit in RAM memory segment)
                0x0000000000002f34                __data_load_start__ = ALIGN ((__fast_load_start__ + SIZEOF (.fast)), 0x4)

.data           0x0000000020000000       0x34 load address 0x0000000000002f34
                0x0000000020000000                __data_start__ = .
 *(.data .data.* .gnu.linkonce.d.*)
 .data.m_uart   0x0000000020000000       0x14 Output/saadc_pca10040 Release/Obj/nrf_log_backend_uart.o
                0x0000000020000000                m_uart
 .data.log_backend_cb_uart_log_backend
                0x0000000020000014        0x8 Output/saadc_pca10040 Release/Obj/nrf_log_default_backends.o
 .data.SystemCoreClock
                0x000000002000001c        0x4 Output/saadc_pca10040 Release/Obj/system_nrf52.o
                0x000000002000001c                SystemCoreClock
 .data.libc.__RAL_global_locale
                0x0000000020000020       0x14 C:/Program Files/SEGGER/SEGGER Embedded Studio for ARM 4.52/lib/libc_v7em_fpv4_sp_d16_hard_t_le_eabi.a(libc2.o)
                0x0000000020000020                __RAL_global_locale
                0x0000000020000034                __data_end__ = (__data_start__ + SIZEOF (.data))
                0x0000000000000034                __data_size__ = SIZEOF (.data)
                0x0000000000002f68                __data_load_end__ = (__data_load_start__ + SIZEOF (.data))

.igot.plt       0x0000000100000000        0x0
 .igot.plt      0x0000000100000000        0x0 Output/saadc_pca10040 Release/Obj/thumb_crt0.o
                0x0000000000000001                . = ASSERT (((__data_load_start__ == __data_load_end__) || ((__data_load_end__ - __FLASH_segment_start__) <= __FLASH_segment_size__)), error: .data is too large to fit in FLASH memory segment)

.data_run       0x0000000020000000       0x34 load address 0x0000000000002f34
                0x0000000020000000                __data_run_start__ = .
                0x0000000020000034                . = MAX ((__data_run_start__ + SIZEOF (.data)), .)
 *fill*         0x0000000020000000       0x34 
                0x0000000020000034                __data_run_end__ = (__data_run_start__ + SIZEOF (.data_run))
                0x0000000000000034                __data_run_size__ = SIZEOF (.data_run)
                0x0000000020000034                __data_run_load_end__ = __data_run_end__
                0x0000000000000001                . = ASSERT (((__data_run_start__ == __data_run_end__) || ((__data_run_end__ - __RAM_segment_start__) <= __RAM_segment_size__)), error: .data_run is too large to fit in RAM memory segment)
                0x0000000000002f68                __tdata_load_start__ = ALIGN ((__data_load_start__ + SIZEOF (.data)), 0x4)

.tdata          0x0000000020000034        0x0 load address 0x0000000000002f68
                0x0000000020000034                __tdata_start__ = .
 *(.tdata .tdata.*)
                0x0000000020000034                __tdata_end__ = (__tdata_start__ + SIZEOF (.tdata))
                0x0000000000000000                __tdata_size__ = SIZEOF (.tdata)
                0x0000000000002f68                __tdata_load_end__ = (__tdata_load_start__ + SIZEOF (.tdata))
                0x0000000000002f68                __FLASH_segment_used_end__ = (ALIGN ((__data_load_start__ + SIZEOF (.data)), 0x4) + SIZEOF (.tdata))
                0x0000000000002f68                __FLASH_segment_used_size__ = (__FLASH_segment_used_end__ - __FLASH_segment_start__)
                0x0000000000000001                . = ASSERT (((__tdata_load_start__ == __tdata_load_end__) || ((__tdata_load_end__ - __FLASH_segment_start__) <= __FLASH_segment_size__)), error: .tdata is too large to fit in FLASH memory segment)

.tdata_run      0x0000000020000034        0x0
                0x0000000020000034                __tdata_run_start__ = .
                0x0000000020000034                . = MAX ((__tdata_run_start__ + SIZEOF (.tdata)), .)
                0x0000000020000034                __tdata_run_end__ = (__tdata_run_start__ + SIZEOF (.tdata_run))
                0x0000000000000000                __tdata_run_size__ = SIZEOF (.tdata_run)
                0x0000000020000034                __tdata_run_load_end__ = __tdata_run_end__
                0x0000000000000001                . = ASSERT (((__tdata_run_start__ == __tdata_run_end__) || ((__tdata_run_end__ - __RAM_segment_start__) <= __RAM_segment_size__)), error: .tdata_run is too large to fit in RAM memory segment)
                0x0000000020000034                __bss_load_start__ = ALIGN (__tdata_run_end__, 0x4)

.bss            0x0000000020000034      0x6a1
                0x0000000020000034                __bss_start__ = .
 *(.bss .bss.* .gnu.linkonce.b.*)
 .bss.m_async_mode
                0x0000000020000034        0x1 Output/saadc_pca10040 Release/Obj/nrf_log_backend_uart.o
 .bss.m_string_buff
                0x0000000020000035       0x40 Output/saadc_pca10040 Release/Obj/nrf_log_backend_uart.o
 .bss.m_xfer_done
                0x0000000020000075        0x1 Output/saadc_pca10040 Release/Obj/nrf_log_backend_uart.o
 *fill*         0x0000000020000076        0x2 
 .bss.log_mempool_nrf_balloc_cb
                0x0000000020000078        0x8 Output/saadc_pca10040 Release/Obj/nrf_log_frontend.o
 .bss.log_mempool_nrf_balloc_pool_mem
                0x0000000020000080       0xc0 Output/saadc_pca10040 Release/Obj/nrf_log_frontend.o
 .bss.log_mempool_nrf_balloc_pool_stack
                0x0000000020000140        0x8 Output/saadc_pca10040 Release/Obj/nrf_log_frontend.o
 .bss.m_log_data
                0x0000000020000148      0x420 Output/saadc_pca10040 Release/Obj/nrf_log_frontend.o
 .bss.m_log_push_ringbuf_buf
                0x0000000020000568       0x80 Output/saadc_pca10040 Release/Obj/nrf_log_frontend.o
 .bss.m_log_push_ringbuf_cb
                0x00000000200005e8       0x18 Output/saadc_pca10040 Release/Obj/nrf_log_frontend.o
 .bss.m_in_critical_region
                0x0000000020000600        0x4 Output/saadc_pca10040 Release/Obj/app_util_platform.o
 .bss.m_handlers_iter
                0x0000000020000604        0x8 Output/saadc_pca10040 Release/Obj/nrf_pwr_mgmt.o
 .bss.m_shutdown_started
                0x000000002000060c        0x1 Output/saadc_pca10040 Release/Obj/nrf_pwr_mgmt.o
 *fill*         0x000000002000060d        0x3 
 .bss.m_sysoff_mtx
                0x0000000020000610        0x4 Output/saadc_pca10040 Release/Obj/nrf_pwr_mgmt.o
 .bss.m_drv_state
                0x0000000020000614        0x1 Output/saadc_pca10040 Release/Obj/nrf_drv_ppi.o
 *fill*         0x0000000020000615        0x3 
 .bss.m_contexts
                0x0000000020000618        0x4 Output/saadc_pca10040 Release/Obj/nrf_drv_uart.o
 .bss.m_handlers
                0x000000002000061c        0x4 Output/saadc_pca10040 Release/Obj/nrf_drv_uart.o
 .bss.nrf_drv_uart_use_easy_dma
                0x0000000020000620        0x1 Output/saadc_pca10040 Release/Obj/nrf_drv_uart.o
                0x0000000020000620                nrf_drv_uart_use_easy_dma
 *fill*         0x0000000020000621        0x3 
 .bss.m_channels_allocated
                0x0000000020000624        0x4 Output/saadc_pca10040 Release/Obj/nrfx_ppi.o
 .bss.m_prs_box_4
                0x0000000020000628        0x8 Output/saadc_pca10040 Release/Obj/nrfx_prs.o
 .bss.m_cb      0x0000000020000630       0x30 Output/saadc_pca10040 Release/Obj/nrfx_saadc.o
 .bss.m_cb      0x0000000020000660        0xc Output/saadc_pca10040 Release/Obj/nrfx_timer.o
 .bss.m_cb      0x000000002000066c       0x2c Output/saadc_pca10040 Release/Obj/nrfx_uart.o
 .bss.m_cb      0x0000000020000698       0x24 Output/saadc_pca10040 Release/Obj/nrfx_uarte.o
 .bss.m_adc_evt_counter
                0x00000000200006bc        0x4 Output/saadc_pca10040 Release/Obj/main.o
 .bss.m_buffer_pool
                0x00000000200006c0       0x14 Output/saadc_pca10040 Release/Obj/main.o
 .bss.m_ppi_channel
                0x00000000200006d4        0x1 Output/saadc_pca10040 Release/Obj/main.o
 *(COMMON)
                0x00000000200006d5                __bss_end__ = (__bss_start__ + SIZEOF (.bss))
                0x00000000000006a1                __bss_size__ = SIZEOF (.bss)
                0x00000000200006d5                __bss_load_end__ = __bss_end__
                0x0000000000000001                . = ASSERT (((__bss_start__ == __bss_end__) || ((__bss_end__ - __RAM_segment_start__) <= __RAM_segment_size__)), error: .bss is too large to fit in RAM memory segment)
                0x00000000200006d8                __tbss_load_start__ = ALIGN (__bss_end__, 0x4)

.tbss           0x00000000200006d8        0x0
                0x00000000200006d8                __tbss_start__ = .
 *(.tbss .tbss.*)
                0x00000000200006d8                __tbss_end__ = (__tbss_start__ + SIZEOF (.tbss))
                0x0000000000000000                __tbss_size__ = SIZEOF (.tbss)
                0x00000000200006d8                __tbss_load_end__ = __tbss_end__
                0x0000000000000001                . = ASSERT (((__tbss_start__ == __tbss_end__) || ((__tbss_end__ - __RAM_segment_start__) <= __RAM_segment_size__)), error: .tbss is too large to fit in RAM memory segment)
                0x00000000200006d8                __non_init_load_start__ = ALIGN (__tbss_end__, 0x4)

.non_init       0x00000000200006d8        0x0
                0x00000000200006d8                __non_init_start__ = .
 *(.non_init .non_init.*)
                0x00000000200006d8                __non_init_end__ = (__non_init_start__ + SIZEOF (.non_init))
                0x0000000000000000                __non_init_size__ = SIZEOF (.non_init)
                0x00000000200006d8                __non_init_load_end__ = __non_init_end__
                0x0000000000000001                . = ASSERT (((__non_init_start__ == __non_init_end__) || ((__non_init_end__ - __RAM_segment_start__) <= __RAM_segment_size__)), error: .non_init is too large to fit in RAM memory segment)
                0x00000000200006d8                __heap_load_start__ = ALIGN (__non_init_end__, 0x4)

.heap           0x00000000200006d8     0x2000
                0x00000000200006d8                __heap_start__ = .
 *(.heap .heap.*)
                0x00000000200026d8                . = ALIGN (MAX ((__heap_start__ + __HEAPSIZE__), .), 0x4)
 *fill*         0x00000000200006d8     0x2000 
                0x00000000200026d8                __heap_end__ = (__heap_start__ + SIZEOF (.heap))
                0x0000000000002000                __heap_size__ = SIZEOF (.heap)
                0x00000000200026d8                __heap_load_end__ = __heap_end__
                0x0000000000000001                . = ASSERT (((__heap_start__ == __heap_end__) || ((__heap_end__ - __RAM_segment_start__) <= __RAM_segment_size__)), error: .heap is too large to fit in RAM memory segment)
                0x000000002000e000                __stack_load_start__ = (__RAM_segment_start__ + (__RAM_segment_size__ - 0x2000))

.stack          0x000000002000e000     0x2000
                0x000000002000e000                __stack_start__ = .
                0x000000002000e000                __StackLimit = __stack_start__
 *(.stack .stack.*)
                0x0000000020010000                . = ALIGN (MAX ((__stack_start__ + __STACKSIZE__), .), 0x8)
 *fill*         0x000000002000e000     0x2000 
                0x0000000020010000                __stack_end__ = (__stack_start__ + SIZEOF (.stack))
                0x0000000000002000                __stack_size__ = SIZEOF (.stack)
                0x0000000020010000                __StackTop = __stack_end__
                0x0000000020010000                __stack_load_end__ = __stack_end__
                0x0000000000000001                . = ASSERT (((__stack_start__ == __stack_end__) || ((__stack_end__ - __RAM_segment_start__) <= __RAM_segment_size__)), error: .stack is too large to fit in RAM memory segment)
                0x0000000000000001                . = ASSERT ((__heap_end__ <= __stack_start__), error: section .heap overlaps absolute placed section .stack)
                0x0000000020010000                __stack_process_load_start__ = ALIGN (__stack_end__, 0x8)

.stack_process  0x0000000020010000        0x0
                0x0000000020010000                __stack_process_start__ = .
 *(.stack_process .stack_process.*)
                0x0000000020010000                . = ALIGN (MAX ((__stack_process_start__ + __STACKSIZE_PROCESS__), .), 0x8)
                0x0000000020010000                __stack_process_end__ = (__stack_process_start__ + SIZEOF (.stack_process))
                0x0000000000000000                __stack_process_size__ = SIZEOF (.stack_process)
                0x0000000020010000                __stack_process_load_end__ = __stack_process_end__
                0x0000000020010000                __RAM_segment_used_end__ = (ALIGN (__stack_end__, 0x8) + SIZEOF (.stack_process))
                0x0000000000010000                __RAM_segment_used_size__ = (__RAM_segment_used_end__ - __RAM_segment_start__)
                0x0000000000000001                . = ASSERT (((__stack_process_start__ == __stack_process_end__) || ((__stack_process_end__ - __RAM_segment_start__) <= __RAM_segment_size__)), error: .stack_process is too large to fit in RAM memory segment)
START GROUP
LOAD Output/saadc_pca10040 Release/Obj/thumb_crt0.o
LOAD Output/saadc_pca10040 Release/Obj/nrf_log_backend_rtt.o
LOAD Output/saadc_pca10040 Release/Obj/nrf_log_backend_serial.o
LOAD Output/saadc_pca10040 Release/Obj/nrf_log_backend_uart.o
LOAD Output/saadc_pca10040 Release/Obj/nrf_log_default_backends.o
LOAD Output/saadc_pca10040 Release/Obj/nrf_log_frontend.o
LOAD Output/saadc_pca10040 Release/Obj/nrf_log_str_formatter.o
LOAD Output/saadc_pca10040 Release/Obj/boards.o
LOAD Output/saadc_pca10040 Release/Obj/app_error.o
LOAD Output/saadc_pca10040 Release/Obj/app_error_handler_gcc.o
LOAD Output/saadc_pca10040 Release/Obj/app_error_weak.o
LOAD Output/saadc_pca10040 Release/Obj/app_util_platform.o
LOAD Output/saadc_pca10040 Release/Obj/nrf_assert.o
LOAD Output/saadc_pca10040 Release/Obj/nrf_atomic.o
LOAD Output/saadc_pca10040 Release/Obj/nrf_balloc.o
LOAD Output/saadc_pca10040 Release/Obj/nrf_fprintf.o
LOAD Output/saadc_pca10040 Release/Obj/nrf_fprintf_format.o
LOAD Output/saadc_pca10040 Release/Obj/nrf_memobj.o
LOAD Output/saadc_pca10040 Release/Obj/nrf_pwr_mgmt.o
LOAD Output/saadc_pca10040 Release/Obj/nrf_ringbuf.o
LOAD Output/saadc_pca10040 Release/Obj/nrf_section_iter.o
LOAD Output/saadc_pca10040 Release/Obj/nrf_strerror.o
LOAD Output/saadc_pca10040 Release/Obj/nrf_drv_ppi.o
LOAD Output/saadc_pca10040 Release/Obj/nrf_drv_uart.o
LOAD Output/saadc_pca10040 Release/Obj/nrfx_atomic.o
LOAD Output/saadc_pca10040 Release/Obj/nrfx_ppi.o
LOAD Output/saadc_pca10040 Release/Obj/nrfx_prs.o
LOAD Output/saadc_pca10040 Release/Obj/nrfx_saadc.o
LOAD Output/saadc_pca10040 Release/Obj/nrfx_timer.o
LOAD Output/saadc_pca10040 Release/Obj/nrfx_uart.o
LOAD Output/saadc_pca10040 Release/Obj/nrfx_uarte.o
LOAD Output/saadc_pca10040 Release/Obj/main.o
LOAD Output/saadc_pca10040 Release/Obj/SEGGER_RTT.o
LOAD Output/saadc_pca10040 Release/Obj/SEGGER_RTT_Syscalls_SES.o
LOAD Output/saadc_pca10040 Release/Obj/SEGGER_RTT_printf.o
LOAD Output/saadc_pca10040 Release/Obj/ses_startup_nrf52.o
LOAD Output/saadc_pca10040 Release/Obj/ses_startup_nrf_common.o
LOAD Output/saadc_pca10040 Release/Obj/system_nrf52.o
LOAD C:/Program Files/SEGGER/SEGGER Embedded Studio for ARM 4.52/lib/libdebugio_mempoll_v7em_fpv4_sp_d16_hard_t_le_eabi.a
LOAD C:/Program Files/SEGGER/SEGGER Embedded Studio for ARM 4.52/lib/libm_v7em_fpv4_sp_d16_hard_t_le_eabi.a
LOAD C:/Program Files/SEGGER/SEGGER Embedded Studio for ARM 4.52/lib/libc_v7em_fpv4_sp_d16_hard_t_le_eabi.a
LOAD C:/Program Files/SEGGER/SEGGER Embedded Studio for ARM 4.52/lib/libcpp_v7em_fpv4_sp_d16_hard_t_le_eabi.a
LOAD C:/Program Files/SEGGER/SEGGER Embedded Studio for ARM 4.52/lib/libdebugio_v7em_fpv4_sp_d16_hard_t_le_eabi.a
LOAD C:/Program Files/SEGGER/SEGGER Embedded Studio for ARM 4.52/lib/libvfprintf_v7em_fpv4_sp_d16_hard_t_le_eabi.o
LOAD C:/Program Files/SEGGER/SEGGER Embedded Studio for ARM 4.52/lib/libvfscanf_v7em_fpv4_sp_d16_hard_t_le_eabi.o
END GROUP
OUTPUT(Output/Release/Exe/saadc_pca10040.elf elf32-littlearm)

.ARM.attributes
                0x0000000000000000       0x35
 .ARM.attributes
                0x0000000000000000       0x25 Output/saadc_pca10040 Release/Obj/thumb_crt0.o
 .ARM.attributes
                0x0000000000000025       0x39 Output/saadc_pca10040 Release/Obj/nrf_log_backend_serial.o
 .ARM.attributes
                0x000000000000005e       0x39 Output/saadc_pca10040 Release/Obj/nrf_log_backend_uart.o
 .ARM.attributes
                0x0000000000000097       0x39 Output/saadc_pca10040 Release/Obj/nrf_log_default_backends.o
 .ARM.attributes
                0x00000000000000d0       0x39 Output/saadc_pca10040 Release/Obj/nrf_log_frontend.o
 .ARM.attributes
                0x0000000000000109       0x39 Output/saadc_pca10040 Release/Obj/nrf_log_str_formatter.o
 .ARM.attributes
                0x0000000000000142       0x39 Output/saadc_pca10040 Release/Obj/app_error.o
 .ARM.attributes
                0x000000000000017b       0x39 Output/saadc_pca10040 Release/Obj/app_error_weak.o
 .ARM.attributes
                0x00000000000001b4       0x39 Output/saadc_pca10040 Release/Obj/app_util_platform.o
 .ARM.attributes
                0x00000000000001ed       0x39 Output/saadc_pca10040 Release/Obj/nrf_atomic.o
 .ARM.attributes
                0x0000000000000226       0x39 Output/saadc_pca10040 Release/Obj/nrf_balloc.o
 .ARM.attributes
                0x000000000000025f       0x39 Output/saadc_pca10040 Release/Obj/nrf_fprintf.o
 .ARM.attributes
                0x0000000000000298       0x39 Output/saadc_pca10040 Release/Obj/nrf_fprintf_format.o
 .ARM.attributes
                0x00000000000002d1       0x39 Output/saadc_pca10040 Release/Obj/nrf_memobj.o
 .ARM.attributes
                0x000000000000030a       0x39 Output/saadc_pca10040 Release/Obj/nrf_pwr_mgmt.o
 .ARM.attributes
                0x0000000000000343       0x39 Output/saadc_pca10040 Release/Obj/nrf_ringbuf.o
 .ARM.attributes
                0x000000000000037c       0x39 Output/saadc_pca10040 Release/Obj/nrf_section_iter.o
 .ARM.attributes
                0x00000000000003b5       0x39 Output/saadc_pca10040 Release/Obj/nrf_drv_ppi.o
 .ARM.attributes
                0x00000000000003ee       0x39 Output/saadc_pca10040 Release/Obj/nrf_drv_uart.o
 .ARM.attributes
                0x0000000000000427       0x39 Output/saadc_pca10040 Release/Obj/nrfx_ppi.o
 .ARM.attributes
                0x0000000000000460       0x39 Output/saadc_pca10040 Release/Obj/nrfx_prs.o
 .ARM.attributes
                0x0000000000000499       0x39 Output/saadc_pca10040 Release/Obj/nrfx_saadc.o
 .ARM.attributes
                0x00000000000004d2       0x39 Output/saadc_pca10040 Release/Obj/nrfx_timer.o
 .ARM.attributes
                0x000000000000050b       0x39 Output/saadc_pca10040 Release/Obj/nrfx_uart.o
 .ARM.attributes
                0x0000000000000544       0x39 Output/saadc_pca10040 Release/Obj/nrfx_uarte.o
 .ARM.attributes
                0x000000000000057d       0x39 Output/saadc_pca10040 Release/Obj/main.o
 .ARM.attributes
                0x00000000000005b6       0x25 Output/saadc_pca10040 Release/Obj/ses_startup_nrf52.o
 .ARM.attributes
                0x00000000000005db       0x25 Output/saadc_pca10040 Release/Obj/ses_startup_nrf_common.o
 .ARM.attributes
                0x0000000000000600       0x39 Output/saadc_pca10040 Release/Obj/system_nrf52.o
 .ARM.attributes
                0x0000000000000639       0x34 C:/Program Files/SEGGER/SEGGER Embedded Studio for ARM 4.52/lib/libc_v7em_fpv4_sp_d16_hard_t_le_eabi.a(libc2.o)
 .ARM.attributes
                0x000000000000066d       0x20 C:/Program Files/SEGGER/SEGGER Embedded Studio for ARM 4.52/lib/libc_v7em_fpv4_sp_d16_hard_t_le_eabi.a(libc2_asm.o)

.comment        0x0000000000000000       0x47
 .comment       0x0000000000000000       0x47 Output/saadc_pca10040 Release/Obj/nrf_log_backend_serial.o
                                         0x48 (size before relaxing)
 .comment       0x0000000000000047       0x48 Output/saadc_pca10040 Release/Obj/nrf_log_backend_uart.o
 .comment       0x0000000000000047       0x48 Output/saadc_pca10040 Release/Obj/nrf_log_default_backends.o
 .comment       0x0000000000000047       0x48 Output/saadc_pca10040 Release/Obj/nrf_log_frontend.o
 .comment       0x0000000000000047       0x48 Output/saadc_pca10040 Release/Obj/nrf_log_str_formatter.o
 .comment       0x0000000000000047       0x48 Output/saadc_pca10040 Release/Obj/app_error.o
 .comment       0x0000000000000047       0x48 Output/saadc_pca10040 Release/Obj/app_error_weak.o
 .comment       0x0000000000000047       0x48 Output/saadc_pca10040 Release/Obj/app_util_platform.o
 .comment       0x0000000000000047       0x48 Output/saadc_pca10040 Release/Obj/nrf_atomic.o
 .comment       0x0000000000000047       0x48 Output/saadc_pca10040 Release/Obj/nrf_balloc.o
 .comment       0x0000000000000047       0x48 Output/saadc_pca10040 Release/Obj/nrf_fprintf.o
 .comment       0x0000000000000047       0x48 Output/saadc_pca10040 Release/Obj/nrf_fprintf_format.o
 .comment       0x0000000000000047       0x48 Output/saadc_pca10040 Release/Obj/nrf_memobj.o
 .comment       0x0000000000000047       0x48 Output/saadc_pca10040 Release/Obj/nrf_pwr_mgmt.o
 .comment       0x0000000000000047       0x48 Output/saadc_pca10040 Release/Obj/nrf_ringbuf.o
 .comment       0x0000000000000047       0x48 Output/saadc_pca10040 Release/Obj/nrf_section_iter.o
 .comment       0x0000000000000047       0x48 Output/saadc_pca10040 Release/Obj/nrf_drv_ppi.o
 .comment       0x0000000000000047       0x48 Output/saadc_pca10040 Release/Obj/nrf_drv_uart.o
 .comment       0x0000000000000047       0x48 Output/saadc_pca10040 Release/Obj/nrfx_ppi.o
 .comment       0x0000000000000047       0x48 Output/saadc_pca10040 Release/Obj/nrfx_prs.o
 .comment       0x0000000000000047       0x48 Output/saadc_pca10040 Release/Obj/nrfx_saadc.o
 .comment       0x0000000000000047       0x48 Output/saadc_pca10040 Release/Obj/nrfx_timer.o
 .comment       0x0000000000000047       0x48 Output/saadc_pca10040 Release/Obj/nrfx_uart.o
 .comment       0x0000000000000047       0x48 Output/saadc_pca10040 Release/Obj/nrfx_uarte.o
 .comment       0x0000000000000047       0x48 Output/saadc_pca10040 Release/Obj/main.o
 .comment       0x0000000000000047       0x48 Output/saadc_pca10040 Release/Obj/system_nrf52.o
 .comment       0x0000000000000047       0x48 C:/Program Files/SEGGER/SEGGER Embedded Studio for ARM 4.52/lib/libc_v7em_fpv4_sp_d16_hard_t_le_eabi.a(libc2.o)

.debug_line     0x0000000000000000    0x10985
 .debug_line    0x0000000000000000      0x1ed Output/saadc_pca10040 Release/Obj/thumb_crt0.o
 .debug_line    0x00000000000001ed      0x6cb Output/saadc_pca10040 Release/Obj/nrf_log_backend_serial.o
 .debug_line    0x00000000000008b8      0x977 Output/saadc_pca10040 Release/Obj/nrf_log_backend_uart.o
 .debug_line    0x000000000000122f      0x5c2 Output/saadc_pca10040 Release/Obj/nrf_log_default_backends.o
 .debug_line    0x00000000000017f1     0x1239 Output/saadc_pca10040 Release/Obj/nrf_log_frontend.o
 .debug_line    0x0000000000002a2a      0x7dc Output/saadc_pca10040 Release/Obj/nrf_log_str_formatter.o
 .debug_line    0x0000000000003206      0x3bf Output/saadc_pca10040 Release/Obj/app_error.o
 .debug_line    0x00000000000035c5      0x6ed Output/saadc_pca10040 Release/Obj/app_error_weak.o
 .debug_line    0x0000000000003cb2      0x44d Output/saadc_pca10040 Release/Obj/app_util_platform.o
 .debug_line    0x00000000000040ff      0x6a3 Output/saadc_pca10040 Release/Obj/nrf_atomic.o
 .debug_line    0x00000000000047a2      0x6ae Output/saadc_pca10040 Release/Obj/nrf_balloc.o
 .debug_line    0x0000000000004e50      0x3df Output/saadc_pca10040 Release/Obj/nrf_fprintf.o
 .debug_line    0x000000000000522f      0x83f Output/saadc_pca10040 Release/Obj/nrf_fprintf_format.o
 .debug_line    0x0000000000005a6e      0x887 Output/saadc_pca10040 Release/Obj/nrf_memobj.o
 .debug_line    0x00000000000062f5      0xb92 Output/saadc_pca10040 Release/Obj/nrf_pwr_mgmt.o
 .debug_line    0x0000000000006e87      0x75f Output/saadc_pca10040 Release/Obj/nrf_ringbuf.o
 .debug_line    0x00000000000075e6      0x401 Output/saadc_pca10040 Release/Obj/nrf_section_iter.o
 .debug_line    0x00000000000079e7      0x5c1 Output/saadc_pca10040 Release/Obj/nrf_drv_ppi.o
 .debug_line    0x0000000000007fa8      0x683 Output/saadc_pca10040 Release/Obj/nrf_drv_uart.o
 .debug_line    0x000000000000862b      0xfa0 Output/saadc_pca10040 Release/Obj/nrfx_ppi.o
 .debug_line    0x00000000000095cb      0x73a Output/saadc_pca10040 Release/Obj/nrfx_prs.o
 .debug_line    0x0000000000009d05     0x17ff Output/saadc_pca10040 Release/Obj/nrfx_saadc.o
 .debug_line    0x000000000000b504      0xf65 Output/saadc_pca10040 Release/Obj/nrfx_timer.o
 .debug_line    0x000000000000c469     0x17ee Output/saadc_pca10040 Release/Obj/nrfx_uart.o
 .debug_line    0x000000000000dc57     0x1769 Output/saadc_pca10040 Release/Obj/nrfx_uarte.o
 .debug_line    0x000000000000f3c0      0xdca Output/saadc_pca10040 Release/Obj/main.o
 .debug_line    0x000000000001018a       0x9c Output/saadc_pca10040 Release/Obj/ses_startup_nrf52.o
 .debug_line    0x0000000000010226       0xbe Output/saadc_pca10040 Release/Obj/ses_startup_nrf_common.o
 .debug_line    0x00000000000102e4      0x6a1 Output/saadc_pca10040 Release/Obj/system_nrf52.o

.debug_info     0x0000000000000000    0x13e55
 .debug_info    0x0000000000000000       0x22 Output/saadc_pca10040 Release/Obj/thumb_crt0.o
 .debug_info    0x0000000000000022      0x6d4 Output/saadc_pca10040 Release/Obj/nrf_log_backend_serial.o
 .debug_info    0x00000000000006f6      0x945 Output/saadc_pca10040 Release/Obj/nrf_log_backend_uart.o
 .debug_info    0x000000000000103b      0x4ba Output/saadc_pca10040 Release/Obj/nrf_log_default_backends.o
 .debug_info    0x00000000000014f5     0x20ff Output/saadc_pca10040 Release/Obj/nrf_log_frontend.o
 .debug_info    0x00000000000035f4      0x9b8 Output/saadc_pca10040 Release/Obj/nrf_log_str_formatter.o
 .debug_info    0x0000000000003fac      0x45e Output/saadc_pca10040 Release/Obj/app_error.o
 .debug_info    0x000000000000440a      0x4f1 Output/saadc_pca10040 Release/Obj/app_error_weak.o
 .debug_info    0x00000000000048fb      0x537 Output/saadc_pca10040 Release/Obj/app_util_platform.o
 .debug_info    0x0000000000004e32      0xb24 Output/saadc_pca10040 Release/Obj/nrf_atomic.o
 .debug_info    0x0000000000005956      0x5ed Output/saadc_pca10040 Release/Obj/nrf_balloc.o
 .debug_info    0x0000000000005f43      0x375 Output/saadc_pca10040 Release/Obj/nrf_fprintf.o
 .debug_info    0x00000000000062b8      0x857 Output/saadc_pca10040 Release/Obj/nrf_fprintf_format.o
 .debug_info    0x0000000000006b0f      0xa30 Output/saadc_pca10040 Release/Obj/nrf_memobj.o
 .debug_info    0x000000000000753f      0x9eb Output/saadc_pca10040 Release/Obj/nrf_pwr_mgmt.o
 .debug_info    0x0000000000007f2a      0x7b1 Output/saadc_pca10040 Release/Obj/nrf_ringbuf.o
 .debug_info    0x00000000000086db      0x323 Output/saadc_pca10040 Release/Obj/nrf_section_iter.o
 .debug_info    0x00000000000089fe      0x32d Output/saadc_pca10040 Release/Obj/nrf_drv_ppi.o
 .debug_info    0x0000000000008d2b      0x5f2 Output/saadc_pca10040 Release/Obj/nrf_drv_uart.o
 .debug_info    0x000000000000931d     0x13fb Output/saadc_pca10040 Release/Obj/nrfx_ppi.o
 .debug_info    0x000000000000a718      0x595 Output/saadc_pca10040 Release/Obj/nrfx_prs.o
 .debug_info    0x000000000000acad     0x19f8 Output/saadc_pca10040 Release/Obj/nrfx_saadc.o
 .debug_info    0x000000000000c6a5     0x14ee Output/saadc_pca10040 Release/Obj/nrfx_timer.o
 .debug_info    0x000000000000db93     0x2750 Output/saadc_pca10040 Release/Obj/nrfx_uart.o
 .debug_info    0x00000000000102e3     0x27b3 Output/saadc_pca10040 Release/Obj/nrfx_uarte.o
 .debug_info    0x0000000000012a96      0xe99 Output/saadc_pca10040 Release/Obj/main.o
 .debug_info    0x000000000001392f       0x26 Output/saadc_pca10040 Release/Obj/ses_startup_nrf52.o
 .debug_info    0x0000000000013955       0x26 Output/saadc_pca10040 Release/Obj/ses_startup_nrf_common.o
 .debug_info    0x000000000001397b      0x4da Output/saadc_pca10040 Release/Obj/system_nrf52.o

.debug_abbrev   0x0000000000000000     0x5a50
 .debug_abbrev  0x0000000000000000       0x12 Output/saadc_pca10040 Release/Obj/thumb_crt0.o
 .debug_abbrev  0x0000000000000012      0x2ae Output/saadc_pca10040 Release/Obj/nrf_log_backend_serial.o
 .debug_abbrev  0x00000000000002c0      0x3e9 Output/saadc_pca10040 Release/Obj/nrf_log_backend_uart.o
 .debug_abbrev  0x00000000000006a9      0x249 Output/saadc_pca10040 Release/Obj/nrf_log_default_backends.o
 .debug_abbrev  0x00000000000008f2      0x65d Output/saadc_pca10040 Release/Obj/nrf_log_frontend.o
 .debug_abbrev  0x0000000000000f4f      0x2f8 Output/saadc_pca10040 Release/Obj/nrf_log_str_formatter.o
 .debug_abbrev  0x0000000000001247      0x21b Output/saadc_pca10040 Release/Obj/app_error.o
 .debug_abbrev  0x0000000000001462      0x2c1 Output/saadc_pca10040 Release/Obj/app_error_weak.o
 .debug_abbrev  0x0000000000001723      0x307 Output/saadc_pca10040 Release/Obj/app_util_platform.o
 .debug_abbrev  0x0000000000001a2a      0x29d Output/saadc_pca10040 Release/Obj/nrf_atomic.o
 .debug_abbrev  0x0000000000001cc7      0x2e0 Output/saadc_pca10040 Release/Obj/nrf_balloc.o
 .debug_abbrev  0x0000000000001fa7      0x221 Output/saadc_pca10040 Release/Obj/nrf_fprintf.o
 .debug_abbrev  0x00000000000021c8      0x3ab Output/saadc_pca10040 Release/Obj/nrf_fprintf_format.o
 .debug_abbrev  0x0000000000002573      0x326 Output/saadc_pca10040 Release/Obj/nrf_memobj.o
 .debug_abbrev  0x0000000000002899      0x48f Output/saadc_pca10040 Release/Obj/nrf_pwr_mgmt.o
 .debug_abbrev  0x0000000000002d28      0x22a Output/saadc_pca10040 Release/Obj/nrf_ringbuf.o
 .debug_abbrev  0x0000000000002f52      0x1a1 Output/saadc_pca10040 Release/Obj/nrf_section_iter.o
 .debug_abbrev  0x00000000000030f3      0x1d8 Output/saadc_pca10040 Release/Obj/nrf_drv_ppi.o
 .debug_abbrev  0x00000000000032cb      0x2cf Output/saadc_pca10040 Release/Obj/nrf_drv_uart.o
 .debug_abbrev  0x000000000000359a      0x445 Output/saadc_pca10040 Release/Obj/nrfx_ppi.o
 .debug_abbrev  0x00000000000039df      0x33a Output/saadc_pca10040 Release/Obj/nrfx_prs.o
 .debug_abbrev  0x0000000000003d19      0x58c Output/saadc_pca10040 Release/Obj/nrfx_saadc.o
 .debug_abbrev  0x00000000000042a5      0x4c7 Output/saadc_pca10040 Release/Obj/nrfx_timer.o
 .debug_abbrev  0x000000000000476c      0x62a Output/saadc_pca10040 Release/Obj/nrfx_uart.o
 .debug_abbrev  0x0000000000004d96      0x599 Output/saadc_pca10040 Release/Obj/nrfx_uarte.o
 .debug_abbrev  0x000000000000532f      0x457 Output/saadc_pca10040 Release/Obj/main.o
 .debug_abbrev  0x0000000000005786       0x14 Output/saadc_pca10040 Release/Obj/ses_startup_nrf52.o
 .debug_abbrev  0x000000000000579a       0x14 Output/saadc_pca10040 Release/Obj/ses_startup_nrf_common.o
 .debug_abbrev  0x00000000000057ae      0x2a2 Output/saadc_pca10040 Release/Obj/system_nrf52.o

.debug_aranges  0x0000000000000000      0x8e8
 .debug_aranges
                0x0000000000000000       0x80 Output/saadc_pca10040 Release/Obj/thumb_crt0.o
 .debug_aranges
                0x0000000000000080       0x20 Output/saadc_pca10040 Release/Obj/nrf_log_backend_serial.o
 .debug_aranges
                0x00000000000000a0       0x50 Output/saadc_pca10040 Release/Obj/nrf_log_backend_uart.o
 .debug_aranges
                0x00000000000000f0       0x20 Output/saadc_pca10040 Release/Obj/nrf_log_default_backends.o
 .debug_aranges
                0x0000000000000110       0xd0 Output/saadc_pca10040 Release/Obj/nrf_log_frontend.o
 .debug_aranges
                0x00000000000001e0       0x40 Output/saadc_pca10040 Release/Obj/nrf_log_str_formatter.o
 .debug_aranges
                0x0000000000000220       0x28 Output/saadc_pca10040 Release/Obj/app_error.o
 .debug_aranges
                0x0000000000000248       0x20 Output/saadc_pca10040 Release/Obj/app_error_weak.o
 .debug_aranges
                0x0000000000000268       0x48 Output/saadc_pca10040 Release/Obj/app_util_platform.o
 .debug_aranges
                0x00000000000002b0       0xb0 Output/saadc_pca10040 Release/Obj/nrf_atomic.o
 .debug_aranges
                0x0000000000000360       0x30 Output/saadc_pca10040 Release/Obj/nrf_balloc.o
 .debug_aranges
                0x0000000000000390       0x28 Output/saadc_pca10040 Release/Obj/nrf_fprintf.o
 .debug_aranges
                0x00000000000003b8       0x30 Output/saadc_pca10040 Release/Obj/nrf_fprintf_format.o
 .debug_aranges
                0x00000000000003e8       0x58 Output/saadc_pca10040 Release/Obj/nrf_memobj.o
 .debug_aranges
                0x0000000000000440       0x38 Output/saadc_pca10040 Release/Obj/nrf_pwr_mgmt.o
 .debug_aranges
                0x0000000000000478       0x50 Output/saadc_pca10040 Release/Obj/nrf_ringbuf.o
 .debug_aranges
                0x00000000000004c8       0x28 Output/saadc_pca10040 Release/Obj/nrf_section_iter.o
 .debug_aranges
                0x00000000000004f0       0x28 Output/saadc_pca10040 Release/Obj/nrf_drv_ppi.o
 .debug_aranges
                0x0000000000000518       0x30 Output/saadc_pca10040 Release/Obj/nrf_drv_uart.o
 .debug_aranges
                0x0000000000000548       0x80 Output/saadc_pca10040 Release/Obj/nrfx_ppi.o
 .debug_aranges
                0x00000000000005c8       0x30 Output/saadc_pca10040 Release/Obj/nrfx_prs.o
 .debug_aranges
                0x00000000000005f8       0x88 Output/saadc_pca10040 Release/Obj/nrfx_saadc.o
 .debug_aranges
                0x0000000000000680       0x90 Output/saadc_pca10040 Release/Obj/nrfx_timer.o
 .debug_aranges
                0x0000000000000710       0xa0 Output/saadc_pca10040 Release/Obj/nrfx_uart.o
 .debug_aranges
                0x00000000000007b0       0x78 Output/saadc_pca10040 Release/Obj/nrfx_uarte.o
 .debug_aranges
                0x0000000000000828       0x48 Output/saadc_pca10040 Release/Obj/main.o
 .debug_aranges
                0x0000000000000870       0x20 Output/saadc_pca10040 Release/Obj/ses_startup_nrf52.o
 .debug_aranges
                0x0000000000000890       0x20 Output/saadc_pca10040 Release/Obj/ses_startup_nrf_common.o
 .debug_aranges
                0x00000000000008b0       0x38 Output/saadc_pca10040 Release/Obj/system_nrf52.o

.debug_str      0x0000000000000000    0x7bcdd
 .debug_str     0x0000000000000000       0xc5 Output/saadc_pca10040 Release/Obj/thumb_crt0.o
 .debug_str     0x00000000000000c5    0x6c314 Output/saadc_pca10040 Release/Obj/nrf_log_backend_serial.o
                                      0x6d325 (size before relaxing)
 .debug_str     0x000000000006c3d9     0x44b1 Output/saadc_pca10040 Release/Obj/nrf_log_backend_uart.o
                                      0x712e0 (size before relaxing)
 .debug_str     0x000000000007088a      0x144 Output/saadc_pca10040 Release/Obj/nrf_log_default_backends.o
                                      0x6d0e1 (size before relaxing)
 .debug_str     0x00000000000709ce     0x139c Output/saadc_pca10040 Release/Obj/nrf_log_frontend.o
                                      0x6e595 (size before relaxing)
 .debug_str     0x0000000000071d6a      0x301 Output/saadc_pca10040 Release/Obj/nrf_log_str_formatter.o
                                      0x6d477 (size before relaxing)
 .debug_str     0x000000000007206b      0x149 Output/saadc_pca10040 Release/Obj/app_error.o
                                      0x5edf1 (size before relaxing)
 .debug_str     0x00000000000721b4       0xea Output/saadc_pca10040 Release/Obj/app_error_weak.o
                                      0x6d7b2 (size before relaxing)
 .debug_str     0x000000000007229e      0x3ce Output/saadc_pca10040 Release/Obj/app_util_platform.o
                                      0x5f5fe (size before relaxing)
 .debug_str     0x000000000007266c      0x6e1 Output/saadc_pca10040 Release/Obj/nrf_atomic.o
                                      0x6982c (size before relaxing)
 .debug_str     0x0000000000072d4d      0x18c Output/saadc_pca10040 Release/Obj/nrf_balloc.o
                                      0x6d169 (size before relaxing)
 .debug_str     0x0000000000072ed9      0x12a Output/saadc_pca10040 Release/Obj/nrf_fprintf.o
                                      0x693c6 (size before relaxing)
 .debug_str     0x0000000000073003      0x539 Output/saadc_pca10040 Release/Obj/nrf_fprintf_format.o
                                      0x698af (size before relaxing)
 .debug_str     0x000000000007353c      0x1d4 Output/saadc_pca10040 Release/Obj/nrf_memobj.o
                                      0x6d421 (size before relaxing)
 .debug_str     0x0000000000073710      0xf0b Output/saadc_pca10040 Release/Obj/nrf_pwr_mgmt.o